../Core/Src/main.c:82:6:microDelay	2
../Core/Src/main.c:90:6:Trigger	1
../Core/Src/main.c:100:8:Distance	3
../Core/Src/main.c:136:5:main	1
../Core/Src/main.c:231:6:SystemClock_Config	3
../Core/Src/main.c:278:13:MX_TIM2_Init	4
../Core/Src/main.c:323:13:MX_USART2_UART_Init	2
../Core/Src/main.c:356:13:MX_GPIO_Init	1
../Core/Src/main.c:419:6:StartDefaultTask	6
../Core/Src/main.c:450:6:StartTask02	3
../Core/Src/main.c:529:6:StartTask03	2
../Core/Src/main.c:559:6:StartTask04	2
../Core/Src/main.c:584:6:HAL_TIM_PeriodElapsedCallback	2
../Core/Src/main.c:601:6:Error_Handler	1
