../Core/Src/main.c:73:6:microDelay	2
../Core/Src/main.c:81:6:Trigger	1
../Core/Src/main.c:93:6:HAL_GPIO_EXTI_Callback	3
../Core/Src/main.c:119:5:main	1
../Core/Src/main.c:214:6:SystemClock_Config	3
../Core/Src/main.c:261:13:MX_TIM2_Init	4
../Core/Src/main.c:306:13:MX_USART2_UART_Init	2
../Core/Src/main.c:339:13:MX_GPIO_Init	1
../Core/Src/main.c:408:6:StartTask01	2
../Core/Src/main.c:431:6:StartTask02	2
../Core/Src/main.c:454:6:StartTask03	2
../Core/Src/main.c:477:6:StartTask04	2
../Core/Src/main.c:503:6:HAL_TIM_PeriodElapsedCallback	2
../Core/Src/main.c:520:6:Error_Handler	1
