../Core/Src/main.c:75:6:microDelay	2
../Core/Src/main.c:83:6:Trigger	1
../Core/Src/main.c:95:6:HAL_GPIO_EXTI_Callback	3
../Core/Src/main.c:121:5:main	1
../Core/Src/main.c:220:6:SystemClock_Config	3
../Core/Src/main.c:267:13:MX_TIM2_Init	4
../Core/Src/main.c:312:13:MX_TIM3_Init	6
../Core/Src/main.c:371:13:MX_USART2_UART_Init	2
../Core/Src/main.c:404:13:MX_GPIO_Init	1
../Core/Src/main.c:467:6:StartTask01	2
../Core/Src/main.c:490:6:StartTask02	2
../Core/Src/main.c:514:6:StartTask03	5
../Core/Src/main.c:555:6:StartTask04	2
../Core/Src/main.c:581:6:HAL_TIM_PeriodElapsedCallback	2
../Core/Src/main.c:598:6:Error_Handler	1
