14:43:31 **** Clean-only build of configuration Debug for project Test004-LCD-1602 ****
make -j24 clean 
rm -rf ./Drivers/STM32F4xx_HAL_Driver/Src/stm32f4xx_hal.cyclo ./Drivers/STM32F4xx_HAL_Driver/Src/stm32f4xx_hal.d ./Drivers/STM32F4xx_HAL_Driver/Src/stm32f4xx_hal.o ./Drivers/STM32F4xx_HAL_Driver/Src/stm32f4xx_hal.su ./Drivers/STM32F4xx_HAL_Driver/Src/stm32f4xx_hal_cortex.cyclo ./Drivers/STM32F4xx_HAL_Driver/Src/stm32f4xx_hal_cortex.d ./Drivers/STM32F4xx_HAL_Driver/Src/stm32f4xx_hal_cortex.o ./Drivers/STM32F4xx_HAL_Driver/Src/stm32f4xx_hal_cortex.su ./Drivers/STM32F4xx_HAL_Driver/Src/stm32f4xx_hal_dma.cyclo ./Drivers/STM32F4xx_HAL_Driver/Src/stm32f4xx_hal_dma.d ./Drivers/STM32F4xx_HAL_Driver/Src/stm32f4xx_hal_dma.o ./Drivers/STM32F4xx_HAL_Driver/Src/stm32f4xx_hal_dma.su ./Drivers/STM32F4xx_HAL_Driver/Src/stm32f4xx_hal_dma_ex.cyclo ./Drivers/STM32F4xx_HAL_Driver/Src/stm32f4xx_hal_dma_ex.d ./Drivers/STM32F4xx_HAL_Driver/Src/stm32f4xx_hal_dma_ex.o ./Drivers/STM32F4xx_HAL_Driver/Src/stm32f4xx_hal_dma_ex.su ./Drivers/STM32F4xx_HAL_Driver/Src/stm32f4xx_hal_exti.cyclo ./Drivers/STM32F4xx_HAL_Driver/Src/stm32f4xx_hal_exti.d ./Drivers/STM32F4xx_HAL_Driver/Src/stm32f4xx_hal_exti.o ./Drivers/STM32F4xx_HAL_Driver/Src/stm32f4xx_hal_exti.su ./Drivers/STM32F4xx_HAL_Driver/Src/stm32f4xx_hal_flash.cyclo ./Drivers/STM32F4xx_HAL_Driver/Src/stm32f4xx_hal_flash.d ./Drivers/STM32F4xx_HAL_Driver/Src/stm32f4xx_hal_flash.o ./Drivers/STM32F4xx_HAL_Driver/Src/stm32f4xx_hal_flash.su ./Drivers/STM32F4xx_HAL_Driver/Src/stm32f4xx_hal_flash_ex.cyclo ./Drivers/STM32F4xx_HAL_Driver/Src/stm32f4xx_hal_flash_ex.d ./Drivers/STM32F4xx_HAL_Driver/Src/stm32f4xx_hal_flash_ex.o ./Drivers/STM32F4xx_HAL_Driver/Src/stm32f4xx_hal_flash_ex.su ./Drivers/STM32F4xx_HAL_Driver/Src/stm32f4xx_hal_flash_ramfunc.cyclo ./Drivers/STM32F4xx_HAL_Driver/Src/stm32f4xx_hal_flash_ramfunc.d ./Drivers/STM32F4xx_HAL_Driver/Src/stm32f4xx_hal_flash_ramfunc.o ./Drivers/STM32F4xx_HAL_Driver/Src/stm32f4xx_hal_flash_ramfunc.su ./Drivers/STM32F4xx_HAL_Driver/Src/stm32f4xx_hal_gpio.cyclo ./Drivers/STM32F4xx_HAL_Driver/Src/stm32f4xx_hal_gpio.d ./Drivers/STM32F4xx_HAL_Driver/Src/stm32f4xx_hal_gpio.o ./Drivers/STM32F4xx_HAL_Driver/Src/stm32f4xx_hal_gpio.su ./Drivers/STM32F4xx_HAL_Driver/Src/stm32f4xx_hal_i2c.cyclo ./Drivers/STM32F4xx_HAL_Driver/Src/stm32f4xx_hal_i2c.d ./Drivers/STM32F4xx_HAL_Driver/Src/stm32f4xx_hal_i2c.o ./Drivers/STM32F4xx_HAL_Driver/Src/stm32f4xx_hal_i2c.su ./Drivers/STM32F4xx_HAL_Driver/Src/stm32f4xx_hal_i2c_ex.cyclo ./Drivers/STM32F4xx_HAL_Driver/Src/stm32f4xx_hal_i2c_ex.d ./Drivers/STM32F4xx_HAL_Driver/Src/stm32f4xx_hal_i2c_ex.o ./Drivers/STM32F4xx_HAL_Driver/Src/stm32f4xx_hal_i2c_ex.su ./Drivers/STM32F4xx_HAL_Driver/Src/stm32f4xx_hal_pwr.cyclo ./Drivers/STM32F4xx_HAL_Driver/Src/stm32f4xx_hal_pwr.d ./Drivers/STM32F4xx_HAL_Driver/Src/stm32f4xx_hal_pwr.o ./Drivers/STM32F4xx_HAL_Driver/Src/stm32f4xx_hal_pwr.su ./Drivers/STM32F4xx_HAL_Driver/Src/stm32f4xx_hal_pwr_ex.cyclo ./Drivers/STM32F4xx_HAL_Driver/Src/stm32f4xx_hal_pwr_ex.d ./Drivers/STM32F4xx_HAL_Driver/Src/stm32f4xx_hal_pwr_ex.o ./Drivers/STM32F4xx_HAL_Driver/Src/stm32f4xx_hal_pwr_ex.su ./Drivers/STM32F4xx_HAL_Driver/Src/stm32f4xx_hal_rcc.cyclo ./Drivers/STM32F4xx_HAL_Driver/Src/stm32f4xx_hal_rcc.d ./Drivers/STM32F4xx_HAL_Driver/Src/stm32f4xx_hal_rcc.o ./Drivers/STM32F4xx_HAL_Driver/Src/stm32f4xx_hal_rcc.su ./Drivers/STM32F4xx_HAL_Driver/Src/stm32f4xx_hal_rcc_ex.cyclo ./Drivers/STM32F4xx_HAL_Driver/Src/stm32f4xx_hal_rcc_ex.d ./Drivers/STM32F4xx_HAL_Driver/Src/stm32f4xx_hal_rcc_ex.o ./Drivers/STM32F4xx_HAL_Driver/Src/stm32f4xx_hal_rcc_ex.su ./Drivers/STM32F4xx_HAL_Driver/Src/stm32f4xx_hal_tim.cyclo ./Drivers/STM32F4xx_HAL_Driver/Src/stm32f4xx_hal_tim.d ./Drivers/STM32F4xx_HAL_Driver/Src/stm32f4xx_hal_tim.o ./Drivers/STM32F4xx_HAL_Driver/Src/stm32f4xx_hal_tim.su ./Drivers/STM32F4xx_HAL_Driver/Src/stm32f4xx_hal_tim_ex.cyclo ./Drivers/STM32F4xx_HAL_Driver/Src/stm32f4xx_hal_tim_ex.d ./Drivers/STM32F4xx_HAL_Driver/Src/stm32f4xx_hal_tim_ex.o ./Drivers/STM32F4xx_HAL_Driver/Src/stm32f4xx_hal_tim_ex.su ./Drivers/STM32F4xx_HAL_Driver/Src/stm32f4xx_hal_uart.cyclo ./Drivers/STM32F4xx_HAL_Driver/Src/stm32f4xx_hal_uart.d ./Drivers/STM32F4xx_HAL_Driver/Src/stm32f4xx_hal_uart.o ./Drivers/STM32F4xx_HAL_Driver/Src/stm32f4xx_hal_uart.su
rm -rf ./Core/Startup/startup_stm32f411retx.d ./Core/Startup/startup_stm32f411retx.o
rm -rf ./Core/Src/lcd_1602.cyclo ./Core/Src/lcd_1602.d ./Core/Src/lcd_1602.o ./Core/Src/lcd_1602.su ./Core/Src/main.cyclo ./Core/Src/main.d ./Core/Src/main.o ./Core/Src/main.su ./Core/Src/myLib.cyclo ./Core/Src/myLib.d ./Core/Src/myLib.o ./Core/Src/myLib.su ./Core/Src/stm32f4xx_hal_msp.cyclo ./Core/Src/stm32f4xx_hal_msp.d ./Core/Src/stm32f4xx_hal_msp.o ./Core/Src/stm32f4xx_hal_msp.su ./Core/Src/stm32f4xx_it.cyclo ./Core/Src/stm32f4xx_it.d ./Core/Src/stm32f4xx_it.o ./Core/Src/stm32f4xx_it.su ./Core/Src/syscalls.cyclo ./Core/Src/syscalls.d ./Core/Src/syscalls.o ./Core/Src/syscalls.su ./Core/Src/sysmem.cyclo ./Core/Src/sysmem.d ./Core/Src/sysmem.o ./Core/Src/sysmem.su ./Core/Src/system_stm32f4xx.cyclo ./Core/Src/system_stm32f4xx.d ./Core/Src/system_stm32f4xx.o ./Core/Src/system_stm32f4xx.su
rm -rf Test004-LCD-1602.elf Test004-LCD-1602.list Test004-LCD-1602.map default.size.stdout
 
14:43:33 **** Build of configuration Debug for project Test004-LCD-1602 ****
make -j24 all 
arm-none-eabi-gcc "../Drivers/STM32F4xx_HAL_Driver/Src/stm32f4xx_hal.c" -mcpu=cortex-m4 -std=gnu11 -g3 -DDEBUG -DUSE_HAL_DRIVER -DSTM32F411xE -c -I../Core/Inc -I../Drivers/STM32F4xx_HAL_Driver/Inc -I../Drivers/STM32F4xx_HAL_Driver/Inc/Legacy -I../Drivers/CMSIS/Device/ST/STM32F4xx/Include -I../Drivers/CMSIS/Include -O0 -ffunction-sections -fdata-sections -Wall -fstack-usage -fcyclomatic-complexity -MMD -MP -MF"Drivers/STM32F4xx_HAL_Driver/Src/stm32f4xx_hal.d" -MT"Drivers/STM32F4xx_HAL_Driver/Src/stm32f4xx_hal.o" --specs=nano.specs -mfpu=fpv4-sp-d16 -mfloat-abi=hard -mthumb -o "Drivers/STM32F4xx_HAL_Driver/Src/stm32f4xx_hal.o"
arm-none-eabi-gcc "../Drivers/STM32F4xx_HAL_Driver/Src/stm32f4xx_hal_cortex.c" -mcpu=cortex-m4 -std=gnu11 -g3 -DDEBUG -DUSE_HAL_DRIVER -DSTM32F411xE -c -I../Core/Inc -I../Drivers/STM32F4xx_HAL_Driver/Inc -I../Drivers/STM32F4xx_HAL_Driver/Inc/Legacy -I../Drivers/CMSIS/Device/ST/STM32F4xx/Include -I../Drivers/CMSIS/Include -O0 -ffunction-sections -fdata-sections -Wall -fstack-usage -fcyclomatic-complexity -MMD -MP -MF"Drivers/STM32F4xx_HAL_Driver/Src/stm32f4xx_hal_cortex.d" -MT"Drivers/STM32F4xx_HAL_Driver/Src/stm32f4xx_hal_cortex.o" --specs=nano.specs -mfpu=fpv4-sp-d16 -mfloat-abi=hard -mthumb -o "Drivers/STM32F4xx_HAL_Driver/Src/stm32f4xx_hal_cortex.o"
arm-none-eabi-gcc "../Drivers/STM32F4xx_HAL_Driver/Src/stm32f4xx_hal_dma.c" -mcpu=cortex-m4 -std=gnu11 -g3 -DDEBUG -DUSE_HAL_DRIVER -DSTM32F411xE -c -I../Core/Inc -I../Drivers/STM32F4xx_HAL_Driver/Inc -I../Drivers/STM32F4xx_HAL_Driver/Inc/Legacy -I../Drivers/CMSIS/Device/ST/STM32F4xx/Include -I../Drivers/CMSIS/Include -O0 -ffunction-sections -fdata-sections -Wall -fstack-usage -fcyclomatic-complexity -MMD -MP -MF"Drivers/STM32F4xx_HAL_Driver/Src/stm32f4xx_hal_dma.d" -MT"Drivers/STM32F4xx_HAL_Driver/Src/stm32f4xx_hal_dma.o" --specs=nano.specs -mfpu=fpv4-sp-d16 -mfloat-abi=hard -mthumb -o "Drivers/STM32F4xx_HAL_Driver/Src/stm32f4xx_hal_dma.o"
arm-none-eabi-gcc "../Drivers/STM32F4xx_HAL_Driver/Src/stm32f4xx_hal_dma_ex.c" -mcpu=cortex-m4 -std=gnu11 -g3 -DDEBUG -DUSE_HAL_DRIVER -DSTM32F411xE -c -I../Core/Inc -I../Drivers/STM32F4xx_HAL_Driver/Inc -I../Drivers/STM32F4xx_HAL_Driver/Inc/Legacy -I../Drivers/CMSIS/Device/ST/STM32F4xx/Include -I../Drivers/CMSIS/Include -O0 -ffunction-sections -fdata-sections -Wall -fstack-usage -fcyclomatic-complexity -MMD -MP -MF"Drivers/STM32F4xx_HAL_Driver/Src/stm32f4xx_hal_dma_ex.d" -MT"Drivers/STM32F4xx_HAL_Driver/Src/stm32f4xx_hal_dma_ex.o" --specs=nano.specs -mfpu=fpv4-sp-d16 -mfloat-abi=hard -mthumb -o "Drivers/STM32F4xx_HAL_Driver/Src/stm32f4xx_hal_dma_ex.o"
arm-none-eabi-gcc "../Drivers/STM32F4xx_HAL_Driver/Src/stm32f4xx_hal_exti.c" -mcpu=cortex-m4 -std=gnu11 -g3 -DDEBUG -DUSE_HAL_DRIVER -DSTM32F411xE -c -I../Core/Inc -I../Drivers/STM32F4xx_HAL_Driver/Inc -I../Drivers/STM32F4xx_HAL_Driver/Inc/Legacy -I../Drivers/CMSIS/Device/ST/STM32F4xx/Include -I../Drivers/CMSIS/Include -O0 -ffunction-sections -fdata-sections -Wall -fstack-usage -fcyclomatic-complexity -MMD -MP -MF"Drivers/STM32F4xx_HAL_Driver/Src/stm32f4xx_hal_exti.d" -MT"Drivers/STM32F4xx_HAL_Driver/Src/stm32f4xx_hal_exti.o" --specs=nano.specs -mfpu=fpv4-sp-d16 -mfloat-abi=hard -mthumb -o "Drivers/STM32F4xx_HAL_Driver/Src/stm32f4xx_hal_exti.o"
arm-none-eabi-gcc "../Drivers/STM32F4xx_HAL_Driver/Src/stm32f4xx_hal_flash.c" -mcpu=cortex-m4 -std=gnu11 -g3 -DDEBUG -DUSE_HAL_DRIVER -DSTM32F411xE -c -I../Core/Inc -I../Drivers/STM32F4xx_HAL_Driver/Inc -I../Drivers/STM32F4xx_HAL_Driver/Inc/Legacy -I../Drivers/CMSIS/Device/ST/STM32F4xx/Include -I../Drivers/CMSIS/Include -O0 -ffunction-sections -fdata-sections -Wall -fstack-usage -fcyclomatic-complexity -MMD -MP -MF"Drivers/STM32F4xx_HAL_Driver/Src/stm32f4xx_hal_flash.d" -MT"Drivers/STM32F4xx_HAL_Driver/Src/stm32f4xx_hal_flash.o" --specs=nano.specs -mfpu=fpv4-sp-d16 -mfloat-abi=hard -mthumb -o "Drivers/STM32F4xx_HAL_Driver/Src/stm32f4xx_hal_flash.o"
arm-none-eabi-gcc "../Drivers/STM32F4xx_HAL_Driver/Src/stm32f4xx_hal_flash_ex.c" -mcpu=cortex-m4 -std=gnu11 -g3 -DDEBUG -DUSE_HAL_DRIVER -DSTM32F411xE -c -I../Core/Inc -I../Drivers/STM32F4xx_HAL_Driver/Inc -I../Drivers/STM32F4xx_HAL_Driver/Inc/Legacy -I../Drivers/CMSIS/Device/ST/STM32F4xx/Include -I../Drivers/CMSIS/Include -O0 -ffunction-sections -fdata-sections -Wall -fstack-usage -fcyclomatic-complexity -MMD -MP -MF"Drivers/STM32F4xx_HAL_Driver/Src/stm32f4xx_hal_flash_ex.d" -MT"Drivers/STM32F4xx_HAL_Driver/Src/stm32f4xx_hal_flash_ex.o" --specs=nano.specs -mfpu=fpv4-sp-d16 -mfloat-abi=hard -mthumb -o "Drivers/STM32F4xx_HAL_Driver/Src/stm32f4xx_hal_flash_ex.o"
arm-none-eabi-gcc "../Drivers/STM32F4xx_HAL_Driver/Src/stm32f4xx_hal_flash_ramfunc.c" -mcpu=cortex-m4 -std=gnu11 -g3 -DDEBUG -DUSE_HAL_DRIVER -DSTM32F411xE -c -I../Core/Inc -I../Drivers/STM32F4xx_HAL_Driver/Inc -I../Drivers/STM32F4xx_HAL_Driver/Inc/Legacy -I../Drivers/CMSIS/Device/ST/STM32F4xx/Include -I../Drivers/CMSIS/Include -O0 -ffunction-sections -fdata-sections -Wall -fstack-usage -fcyclomatic-complexity -MMD -MP -MF"Drivers/STM32F4xx_HAL_Driver/Src/stm32f4xx_hal_flash_ramfunc.d" -MT"Drivers/STM32F4xx_HAL_Driver/Src/stm32f4xx_hal_flash_ramfunc.o" --specs=nano.specs -mfpu=fpv4-sp-d16 -mfloat-abi=hard -mthumb -o "Drivers/STM32F4xx_HAL_Driver/Src/stm32f4xx_hal_flash_ramfunc.o"
arm-none-eabi-gcc "../Drivers/STM32F4xx_HAL_Driver/Src/stm32f4xx_hal_gpio.c" -mcpu=cortex-m4 -std=gnu11 -g3 -DDEBUG -DUSE_HAL_DRIVER -DSTM32F411xE -c -I../Core/Inc -I../Drivers/STM32F4xx_HAL_Driver/Inc -I../Drivers/STM32F4xx_HAL_Driver/Inc/Legacy -I../Drivers/CMSIS/Device/ST/STM32F4xx/Include -I../Drivers/CMSIS/Include -O0 -ffunction-sections -fdata-sections -Wall -fstack-usage -fcyclomatic-complexity -MMD -MP -MF"Drivers/STM32F4xx_HAL_Driver/Src/stm32f4xx_hal_gpio.d" -MT"Drivers/STM32F4xx_HAL_Driver/Src/stm32f4xx_hal_gpio.o" --specs=nano.specs -mfpu=fpv4-sp-d16 -mfloat-abi=hard -mthumb -o "Drivers/STM32F4xx_HAL_Driver/Src/stm32f4xx_hal_gpio.o"
arm-none-eabi-gcc "../Drivers/STM32F4xx_HAL_Driver/Src/stm32f4xx_hal_i2c.c" -mcpu=cortex-m4 -std=gnu11 -g3 -DDEBUG -DUSE_HAL_DRIVER -DSTM32F411xE -c -I../Core/Inc -I../Drivers/STM32F4xx_HAL_Driver/Inc -I../Drivers/STM32F4xx_HAL_Driver/Inc/Legacy -I../Drivers/CMSIS/Device/ST/STM32F4xx/Include -I../Drivers/CMSIS/Include -O0 -ffunction-sections -fdata-sections -Wall -fstack-usage -fcyclomatic-complexity -MMD -MP -MF"Drivers/STM32F4xx_HAL_Driver/Src/stm32f4xx_hal_i2c.d" -MT"Drivers/STM32F4xx_HAL_Driver/Src/stm32f4xx_hal_i2c.o" --specs=nano.specs -mfpu=fpv4-sp-d16 -mfloat-abi=hard -mthumb -o "Drivers/STM32F4xx_HAL_Driver/Src/stm32f4xx_hal_i2c.o"
arm-none-eabi-gcc "../Drivers/STM32F4xx_HAL_Driver/Src/stm32f4xx_hal_i2c_ex.c" -mcpu=cortex-m4 -std=gnu11 -g3 -DDEBUG -DUSE_HAL_DRIVER -DSTM32F411xE -c -I../Core/Inc -I../Drivers/STM32F4xx_HAL_Driver/Inc -I../Drivers/STM32F4xx_HAL_Driver/Inc/Legacy -I../Drivers/CMSIS/Device/ST/STM32F4xx/Include -I../Drivers/CMSIS/Include -O0 -ffunction-sections -fdata-sections -Wall -fstack-usage -fcyclomatic-complexity -MMD -MP -MF"Drivers/STM32F4xx_HAL_Driver/Src/stm32f4xx_hal_i2c_ex.d" -MT"Drivers/STM32F4xx_HAL_Driver/Src/stm32f4xx_hal_i2c_ex.o" --specs=nano.specs -mfpu=fpv4-sp-d16 -mfloat-abi=hard -mthumb -o "Drivers/STM32F4xx_HAL_Driver/Src/stm32f4xx_hal_i2c_ex.o"
arm-none-eabi-gcc "../Drivers/STM32F4xx_HAL_Driver/Src/stm32f4xx_hal_pwr.c" -mcpu=cortex-m4 -std=gnu11 -g3 -DDEBUG -DUSE_HAL_DRIVER -DSTM32F411xE -c -I../Core/Inc -I../Drivers/STM32F4xx_HAL_Driver/Inc -I../Drivers/STM32F4xx_HAL_Driver/Inc/Legacy -I../Drivers/CMSIS/Device/ST/STM32F4xx/Include -I../Drivers/CMSIS/Include -O0 -ffunction-sections -fdata-sections -Wall -fstack-usage -fcyclomatic-complexity -MMD -MP -MF"Drivers/STM32F4xx_HAL_Driver/Src/stm32f4xx_hal_pwr.d" -MT"Drivers/STM32F4xx_HAL_Driver/Src/stm32f4xx_hal_pwr.o" --specs=nano.specs -mfpu=fpv4-sp-d16 -mfloat-abi=hard -mthumb -o "Drivers/STM32F4xx_HAL_Driver/Src/stm32f4xx_hal_pwr.o"
arm-none-eabi-gcc "../Drivers/STM32F4xx_HAL_Driver/Src/stm32f4xx_hal_pwr_ex.c" -mcpu=cortex-m4 -std=gnu11 -g3 -DDEBUG -DUSE_HAL_DRIVER -DSTM32F411xE -c -I../Core/Inc -I../Drivers/STM32F4xx_HAL_Driver/Inc -I../Drivers/STM32F4xx_HAL_Driver/Inc/Legacy -I../Drivers/CMSIS/Device/ST/STM32F4xx/Include -I../Drivers/CMSIS/Include -O0 -ffunction-sections -fdata-sections -Wall -fstack-usage -fcyclomatic-complexity -MMD -MP -MF"Drivers/STM32F4xx_HAL_Driver/Src/stm32f4xx_hal_pwr_ex.d" -MT"Drivers/STM32F4xx_HAL_Driver/Src/stm32f4xx_hal_pwr_ex.o" --specs=nano.specs -mfpu=fpv4-sp-d16 -mfloat-abi=hard -mthumb -o "Drivers/STM32F4xx_HAL_Driver/Src/stm32f4xx_hal_pwr_ex.o"
arm-none-eabi-gcc "../Drivers/STM32F4xx_HAL_Driver/Src/stm32f4xx_hal_rcc.c" -mcpu=cortex-m4 -std=gnu11 -g3 -DDEBUG -DUSE_HAL_DRIVER -DSTM32F411xE -c -I../Core/Inc -I../Drivers/STM32F4xx_HAL_Driver/Inc -I../Drivers/STM32F4xx_HAL_Driver/Inc/Legacy -I../Drivers/CMSIS/Device/ST/STM32F4xx/Include -I../Drivers/CMSIS/Include -O0 -ffunction-sections -fdata-sections -Wall -fstack-usage -fcyclomatic-complexity -MMD -MP -MF"Drivers/STM32F4xx_HAL_Driver/Src/stm32f4xx_hal_rcc.d" -MT"Drivers/STM32F4xx_HAL_Driver/Src/stm32f4xx_hal_rcc.o" --specs=nano.specs -mfpu=fpv4-sp-d16 -mfloat-abi=hard -mthumb -o "Drivers/STM32F4xx_HAL_Driver/Src/stm32f4xx_hal_rcc.o"
arm-none-eabi-gcc "../Drivers/STM32F4xx_HAL_Driver/Src/stm32f4xx_hal_rcc_ex.c" -mcpu=cortex-m4 -std=gnu11 -g3 -DDEBUG -DUSE_HAL_DRIVER -DSTM32F411xE -c -I../Core/Inc -I../Drivers/STM32F4xx_HAL_Driver/Inc -I../Drivers/STM32F4xx_HAL_Driver/Inc/Legacy -I../Drivers/CMSIS/Device/ST/STM32F4xx/Include -I../Drivers/CMSIS/Include -O0 -ffunction-sections -fdata-sections -Wall -fstack-usage -fcyclomatic-complexity -MMD -MP -MF"Drivers/STM32F4xx_HAL_Driver/Src/stm32f4xx_hal_rcc_ex.d" -MT"Drivers/STM32F4xx_HAL_Driver/Src/stm32f4xx_hal_rcc_ex.o" --specs=nano.specs -mfpu=fpv4-sp-d16 -mfloat-abi=hard -mthumb -o "Drivers/STM32F4xx_HAL_Driver/Src/stm32f4xx_hal_rcc_ex.o"
arm-none-eabi-gcc "../Drivers/STM32F4xx_HAL_Driver/Src/stm32f4xx_hal_tim.c" -mcpu=cortex-m4 -std=gnu11 -g3 -DDEBUG -DUSE_HAL_DRIVER -DSTM32F411xE -c -I../Core/Inc -I../Drivers/STM32F4xx_HAL_Driver/Inc -I../Drivers/STM32F4xx_HAL_Driver/Inc/Legacy -I../Drivers/CMSIS/Device/ST/STM32F4xx/Include -I../Drivers/CMSIS/Include -O0 -ffunction-sections -fdata-sections -Wall -fstack-usage -fcyclomatic-complexity -MMD -MP -MF"Drivers/STM32F4xx_HAL_Driver/Src/stm32f4xx_hal_tim.d" -MT"Drivers/STM32F4xx_HAL_Driver/Src/stm32f4xx_hal_tim.o" --specs=nano.specs -mfpu=fpv4-sp-d16 -mfloat-abi=hard -mthumb -o "Drivers/STM32F4xx_HAL_Driver/Src/stm32f4xx_hal_tim.o"
arm-none-eabi-gcc "../Drivers/STM32F4xx_HAL_Driver/Src/stm32f4xx_hal_tim_ex.c" -mcpu=cortex-m4 -std=gnu11 -g3 -DDEBUG -DUSE_HAL_DRIVER -DSTM32F411xE -c -I../Core/Inc -I../Drivers/STM32F4xx_HAL_Driver/Inc -I../Drivers/STM32F4xx_HAL_Driver/Inc/Legacy -I../Drivers/CMSIS/Device/ST/STM32F4xx/Include -I../Drivers/CMSIS/Include -O0 -ffunction-sections -fdata-sections -Wall -fstack-usage -fcyclomatic-complexity -MMD -MP -MF"Drivers/STM32F4xx_HAL_Driver/Src/stm32f4xx_hal_tim_ex.d" -MT"Drivers/STM32F4xx_HAL_Driver/Src/stm32f4xx_hal_tim_ex.o" --specs=nano.specs -mfpu=fpv4-sp-d16 -mfloat-abi=hard -mthumb -o "Drivers/STM32F4xx_HAL_Driver/Src/stm32f4xx_hal_tim_ex.o"
arm-none-eabi-gcc "../Drivers/STM32F4xx_HAL_Driver/Src/stm32f4xx_hal_uart.c" -mcpu=cortex-m4 -std=gnu11 -g3 -DDEBUG -DUSE_HAL_DRIVER -DSTM32F411xE -c -I../Core/Inc -I../Drivers/STM32F4xx_HAL_Driver/Inc -I../Drivers/STM32F4xx_HAL_Driver/Inc/Legacy -I../Drivers/CMSIS/Device/ST/STM32F4xx/Include -I../Drivers/CMSIS/Include -O0 -ffunction-sections -fdata-sections -Wall -fstack-usage -fcyclomatic-complexity -MMD -MP -MF"Drivers/STM32F4xx_HAL_Driver/Src/stm32f4xx_hal_uart.d" -MT"Drivers/STM32F4xx_HAL_Driver/Src/stm32f4xx_hal_uart.o" --specs=nano.specs -mfpu=fpv4-sp-d16 -mfloat-abi=hard -mthumb -o "Drivers/STM32F4xx_HAL_Driver/Src/stm32f4xx_hal_uart.o"
arm-none-eabi-gcc -mcpu=cortex-m4 -g3 -DDEBUG -c -x assembler-with-cpp -MMD -MP -MF"Core/Startup/startup_stm32f411retx.d" -MT"Core/Startup/startup_stm32f411retx.o" --specs=nano.specs -mfpu=fpv4-sp-d16 -mfloat-abi=hard -mthumb -o "Core/Startup/startup_stm32f411retx.o" "../Core/Startup/startup_stm32f411retx.s"
arm-none-eabi-gcc "C:/Users/user/source/repos/STM32/myLib/lcd_1602.c" -mcpu=cortex-m4 -std=gnu11 -g3 -DDEBUG -DUSE_HAL_DRIVER -DSTM32F411xE -c -I../Core/Inc -I../Drivers/STM32F4xx_HAL_Driver/Inc -I../Drivers/STM32F4xx_HAL_Driver/Inc/Legacy -I../Drivers/CMSIS/Device/ST/STM32F4xx/Include -I../Drivers/CMSIS/Include -O0 -ffunction-sections -fdata-sections -Wall -fstack-usage -fcyclomatic-complexity -MMD -MP -MF"Core/Src/lcd_1602.d" -MT"Core/Src/lcd_1602.o" --specs=nano.specs -mfpu=fpv4-sp-d16 -mfloat-abi=hard -mthumb -o "Core/Src/lcd_1602.o"
arm-none-eabi-gcc "../Core/Src/main.c" -mcpu=cortex-m4 -std=gnu11 -g3 -DDEBUG -DUSE_HAL_DRIVER -DSTM32F411xE -c -I../Core/Inc -I../Drivers/STM32F4xx_HAL_Driver/Inc -I../Drivers/STM32F4xx_HAL_Driver/Inc/Legacy -I../Drivers/CMSIS/Device/ST/STM32F4xx/Include -I../Drivers/CMSIS/Include -O0 -ffunction-sections -fdata-sections -Wall -fstack-usage -fcyclomatic-complexity -MMD -MP -MF"Core/Src/main.d" -MT"Core/Src/main.o" --specs=nano.specs -mfpu=fpv4-sp-d16 -mfloat-abi=hard -mthumb -o "Core/Src/main.o"
arm-none-eabi-gcc "C:/Users/user/source/repos/STM32/myLib/myLib.c" -mcpu=cortex-m4 -std=gnu11 -g3 -DDEBUG -DUSE_HAL_DRIVER -DSTM32F411xE -c -I../Core/Inc -I../Drivers/STM32F4xx_HAL_Driver/Inc -I../Drivers/STM32F4xx_HAL_Driver/Inc/Legacy -I../Drivers/CMSIS/Device/ST/STM32F4xx/Include -I../Drivers/CMSIS/Include -O0 -ffunction-sections -fdata-sections -Wall -fstack-usage -fcyclomatic-complexity -MMD -MP -MF"Core/Src/myLib.d" -MT"Core/Src/myLib.o" --specs=nano.specs -mfpu=fpv4-sp-d16 -mfloat-abi=hard -mthumb -o "Core/Src/myLib.o"
arm-none-eabi-gcc "../Core/Src/stm32f4xx_hal_msp.c" -mcpu=cortex-m4 -std=gnu11 -g3 -DDEBUG -DUSE_HAL_DRIVER -DSTM32F411xE -c -I../Core/Inc -I../Drivers/STM32F4xx_HAL_Driver/Inc -I../Drivers/STM32F4xx_HAL_Driver/Inc/Legacy -I../Drivers/CMSIS/Device/ST/STM32F4xx/Include -I../Drivers/CMSIS/Include -O0 -ffunction-sections -fdata-sections -Wall -fstack-usage -fcyclomatic-complexity -MMD -MP -MF"Core/Src/stm32f4xx_hal_msp.d" -MT"Core/Src/stm32f4xx_hal_msp.o" --specs=nano.specs -mfpu=fpv4-sp-d16 -mfloat-abi=hard -mthumb -o "Core/Src/stm32f4xx_hal_msp.o"
arm-none-eabi-gcc "../Core/Src/stm32f4xx_it.c" -mcpu=cortex-m4 -std=gnu11 -g3 -DDEBUG -DUSE_HAL_DRIVER -DSTM32F411xE -c -I../Core/Inc -I../Drivers/STM32F4xx_HAL_Driver/Inc -I../Drivers/STM32F4xx_HAL_Driver/Inc/Legacy -I../Drivers/CMSIS/Device/ST/STM32F4xx/Include -I../Drivers/CMSIS/Include -O0 -ffunction-sections -fdata-sections -Wall -fstack-usage -fcyclomatic-complexity -MMD -MP -MF"Core/Src/stm32f4xx_it.d" -MT"Core/Src/stm32f4xx_it.o" --specs=nano.specs -mfpu=fpv4-sp-d16 -mfloat-abi=hard -mthumb -o "Core/Src/stm32f4xx_it.o"
arm-none-eabi-gcc "../Core/Src/syscalls.c" -mcpu=cortex-m4 -std=gnu11 -g3 -DDEBUG -DUSE_HAL_DRIVER -DSTM32F411xE -c -I../Core/Inc -I../Drivers/STM32F4xx_HAL_Driver/Inc -I../Drivers/STM32F4xx_HAL_Driver/Inc/Legacy -I../Drivers/CMSIS/Device/ST/STM32F4xx/Include -I../Drivers/CMSIS/Include -O0 -ffunction-sections -fdata-sections -Wall -fstack-usage -fcyclomatic-complexity -MMD -MP -MF"Core/Src/syscalls.d" -MT"Core/Src/syscalls.o" --specs=nano.specs -mfpu=fpv4-sp-d16 -mfloat-abi=hard -mthumb -o "Core/Src/syscalls.o"
arm-none-eabi-gcc "../Core/Src/sysmem.c" -mcpu=cortex-m4 -std=gnu11 -g3 -DDEBUG -DUSE_HAL_DRIVER -DSTM32F411xE -c -I../Core/Inc -I../Drivers/STM32F4xx_HAL_Driver/Inc -I../Drivers/STM32F4xx_HAL_Driver/Inc/Legacy -I../Drivers/CMSIS/Device/ST/STM32F4xx/Include -I../Drivers/CMSIS/Include -O0 -ffunction-sections -fdata-sections -Wall -fstack-usage -fcyclomatic-complexity -MMD -MP -MF"Core/Src/sysmem.d" -MT"Core/Src/sysmem.o" --specs=nano.specs -mfpu=fpv4-sp-d16 -mfloat-abi=hard -mthumb -o "Core/Src/sysmem.o"
arm-none-eabi-gcc "../Core/Src/system_stm32f4xx.c" -mcpu=cortex-m4 -std=gnu11 -g3 -DDEBUG -DUSE_HAL_DRIVER -DSTM32F411xE -c -I../Core/Inc -I../Drivers/STM32F4xx_HAL_Driver/Inc -I../Drivers/STM32F4xx_HAL_Driver/Inc/Legacy -I../Drivers/CMSIS/Device/ST/STM32F4xx/Include -I../Drivers/CMSIS/Include -O0 -ffunction-sections -fdata-sections -Wall -fstack-usage -fcyclomatic-complexity -MMD -MP -MF"Core/Src/system_stm32f4xx.d" -MT"Core/Src/system_stm32f4xx.o" --specs=nano.specs -mfpu=fpv4-sp-d16 -mfloat-abi=hard -mthumb -o "Core/Src/system_stm32f4xx.o"
C:/Users/user/source/repos/STM32/myLib/lcd_1602.c: In function 'i2c_scan':
C:/Users/user/source/repos/STM32/myLib/lcd_1602.c:22:21: warning: 'return' with no value, in function returning non-void [-Wreturn-type]
   22 |    if(hi2c == NULL) return;
      |                     ^~~~~~
C:/Users/user/source/repos/STM32/myLib/lcd_1602.c:20:5: note: declared here
   20 | int i2c_scan()
      |     ^~~~~~~~
C:/Users/user/source/repos/STM32/myLib/lcd_1602.c:27:10: warning: implicit declaration of function 'printf' [-Wimplicit-function-declaration]
   27 |          printf(" %02x ", addr);
      |          ^~~~~~
C:/Users/user/source/repos/STM32/myLib/lcd_1602.c:10:1: note: include '<stdio.h>' or provide a declaration of 'printf'
    9 | #include "main.h"
  +++ |+#include <stdio.h>
   10 | extern I2C_HandleTypeDef *hi2c;
C:/Users/user/source/repos/STM32/myLib/lcd_1602.c:27:10: warning: incompatible implicit declaration of built-in function 'printf' [-Wbuiltin-declaration-mismatch]
   27 |          printf(" %02x ", addr);
      |          ^~~~~~
C:/Users/user/source/repos/STM32/myLib/lcd_1602.c:27:10: note: include '<stdio.h>' or provide a declaration of 'printf'
C:/Users/user/source/repos/STM32/myLib/lcd_1602.c:31:10: warning: incompatible implicit declaration of built-in function 'printf' [-Wbuiltin-declaration-mismatch]
   31 |          printf("  . ");
      |          ^~~~~~
C:/Users/user/source/repos/STM32/myLib/lcd_1602.c:31:10: note: include '<stdio.h>' or provide a declaration of 'printf'
C:/Users/user/source/repos/STM32/myLib/lcd_1602.c:33:28: warning: incompatible implicit declaration of built-in function 'printf' [-Wbuiltin-declaration-mismatch]
   33 |       if((addr % 16) == 0) printf("\r\n");
      |                            ^~~~~~
C:/Users/user/source/repos/STM32/myLib/lcd_1602.c:33:28: note: include '<stdio.h>' or provide a declaration of 'printf'
C:/Users/user/source/repos/STM32/myLib/lcd_1602.c: In function 'lcd_command':
C:/Users/user/source/repos/STM32/myLib/lcd_1602.c:50:44: warning: pointer targets in passing argument 3 of 'HAL_I2C_Master_Transmit' differ in signedness [-Wpointer-sign]
   50 |    HAL_I2C_Master_Transmit(hi2c, I2C_ADDR, dd, 4, 10);
      |                                            ^~
      |                                            |
      |                                            char *
In file included from ../Core/Inc/stm32f4xx_hal_conf.h:363,
                 from ../Drivers/STM32F4xx_HAL_Driver/Inc/stm32f4xx_hal.h:29,
                 from ../Core/Inc/main.h:30,
                 from C:/Users/user/source/repos/STM32/myLib/lcd_1602.c:9:
../Drivers/STM32F4xx_HAL_Driver/Inc/stm32f4xx_hal_i2c.h:566:98: note: expected 'uint8_t *' {aka 'unsigned char *'} but argument is of type 'char *'
  566 | HAL_StatusTypeDef HAL_I2C_Master_Transmit(I2C_HandleTypeDef *hi2c, uint16_t DevAddress, uint8_t *pData, uint16_t Size, uint32_t Timeout);
      |                                                                                         ~~~~~~~~~^~~~~
C:/Users/user/source/repos/STM32/myLib/lcd_1602.c: In function 'lcd_data':
C:/Users/user/source/repos/STM32/myLib/lcd_1602.c:65:44: warning: pointer targets in passing argument 3 of 'HAL_I2C_Master_Transmit' differ in signedness [-Wpointer-sign]
   65 |    HAL_I2C_Master_Transmit(hi2c, I2C_ADDR, dd, 4, 10);
      |                                            ^~
      |                                            |
      |                                            char *
In file included from ../Core/Inc/stm32f4xx_hal_conf.h:363,
                 from ../Drivers/STM32F4xx_HAL_Driver/Inc/stm32f4xx_hal.h:29,
                 from ../Core/Inc/main.h:30,
                 from C:/Users/user/source/repos/STM32/myLib/lcd_1602.c:9:
../Drivers/STM32F4xx_HAL_Driver/Inc/stm32f4xx_hal_i2c.h:566:98: note: expected 'uint8_t *' {aka 'unsigned char *'} but argument is of type 'char *'
  566 | HAL_StatusTypeDef HAL_I2C_Master_Transmit(I2C_HandleTypeDef *hi2c, uint16_t DevAddress, uint8_t *pData, uint16_t Size, uint32_t Timeout);
      |                                                                                         ~~~~~~~~~^~~~~
C:/Users/user/source/repos/STM32/myLib/lcd_1602.c: In function 'i2c_init':
C:/Users/user/source/repos/STM32/myLib/lcd_1602.c:19:1: warning: control reaches end of non-void function [-Wreturn-type]
   19 | }
      | ^
../Core/Src/main.c: In function 'main':
../Core/Src/main.c:96:3: warning: implicit declaration of function 'ProgramStart' [-Wimplicit-function-declaration]
   96 |   ProgramStart("LCD (1602)");
      |   ^~~~~~~~~~~~
../Core/Src/main.c:97:3: warning: implicit declaration of function 'i2c_init' [-Wimplicit-function-declaration]
   97 |   i2c_init(&hi2c1);
      |   ^~~~~~~~
../Core/Src/main.c:98:3: warning: implicit declaration of function 'i2c_scan' [-Wimplicit-function-declaration]
   98 |   i2c_scan();
      |   ^~~~~~~~
../Core/Src/main.c:100:3: warning: implicit declaration of function 'lcd_init' [-Wimplicit-function-declaration]
  100 |   lcd_init();
      |   ^~~~~~~~
C:/Users/user/source/repos/STM32/myLib/myLib.c: In function '__io_putchar':
C:/Users/user/source/repos/STM32/myLib/myLib.c:15:31: warning: passing argument 2 of 'HAL_UART_Transmit' from incompatible pointer type [-Wincompatible-pointer-types]
   15 |    HAL_UART_Transmit(&huart2, &ch, 1, 10); // timeout: 10ms
      |                               ^~~
      |                               |
      |                               int *
In file included from ../Core/Inc/stm32f4xx_hal_conf.h:411,
                 from ../Drivers/STM32F4xx_HAL_Driver/Inc/stm32f4xx_hal.h:29,
                 from ../Core/Inc/main.h:30,
                 from C:/Users/user/source/repos/STM32/myLib/myLib.c:7:
../Drivers/STM32F4xx_HAL_Driver/Inc/stm32f4xx_hal_uart.h:745:79: note: expected 'const uint8_t *' {aka 'const unsigned char *'} but argument is of type 'int *'
  745 | HAL_StatusTypeDef HAL_UART_Transmit(UART_HandleTypeDef *huart, const uint8_t *pData, uint16_t Size, uint32_t Timeout);
      |                                                                ~~~~~~~~~~~~~~~^~~~~
../Core/Src/main.c:102:3: warning: implicit declaration of function 'lcd_print' [-Wimplicit-function-declaration]
  102 |   lcd_print("Hello");
      |   ^~~~~~~~~
C:/Users/user/source/repos/STM32/myLib/myLib.c: In function 'ProgramStart':
C:/Users/user/source/repos/STM32/myLib/myLib.c:21:4: warning: implicit declaration of function 'cls' [-Wimplicit-function-declaration]
   21 |    cls();
      |    ^~~
C:/Users/user/source/repos/STM32/myLib/myLib.c:22:4: warning: implicit declaration of function 'Cursor' [-Wimplicit-function-declaration]
   22 |    Cursor(0,0);
      |    ^~~~~~
C:/Users/user/source/repos/STM32/myLib/myLib.c:23:4: warning: implicit declaration of function 'printf' [-Wimplicit-function-declaration]
   23 |    printf("Program Name - %s\r\n", str);
      |    ^~~~~~
C:/Users/user/source/repos/STM32/myLib/myLib.c:8:1: note: include '<stdio.h>' or provide a declaration of 'printf'
    7 | #include "main.h"
  +++ |+#include <stdio.h>
    8 | extern UART_HandleTypeDef huart2;
C:/Users/user/source/repos/STM32/myLib/myLib.c:23:4: warning: incompatible implicit declaration of built-in function 'printf' [-Wbuiltin-declaration-mismatch]
   23 |    printf("Program Name - %s\r\n", str);
      |    ^~~~~~
../Core/Src/main.c:103:3: warning: implicit declaration of function 'lcd_printEx' [-Wimplicit-function-declaration]
  103 |   lcd_printEx("Good afternoon",1);
      |   ^~~~~~~~~~~
C:/Users/user/source/repos/STM32/myLib/myLib.c:23:4: note: include '<stdio.h>' or provide a declaration of 'printf'
C:/Users/user/source/repos/STM32/myLib/myLib.c:25:4: warning: implicit declaration of function 'standby' [-Wimplicit-function-declaration]
   25 |    standby();
      |    ^~~~~~~
C:/Users/user/source/repos/STM32/myLib/myLib.c: At top level:
C:/Users/user/source/repos/STM32/myLib/myLib.c:28:6: warning: conflicting types for 'standby'; have 'void()'
   28 | void standby()
      |      ^~~~~~~
C:/Users/user/source/repos/STM32/myLib/myLib.c:25:4: note: previous implicit declaration of 'standby' with type 'void()'
   25 |    standby();
      |    ^~~~~~~
C:/Users/user/source/repos/STM32/myLib/myLib.c:33:6: warning: conflicting types for 'cls'; have 'void()'
   33 | void cls() // ?™”ë©? clear
      |      ^~~
C:/Users/user/source/repos/STM32/myLib/myLib.c:21:4: note: previous implicit declaration of 'cls' with type 'void()'
   21 |    cls();
      |    ^~~
C:/Users/user/source/repos/STM32/myLib/myLib.c: In function 'cls':
C:/Users/user/source/repos/STM32/myLib/myLib.c:35:4: warning: incompatible implicit declaration of built-in function 'printf' [-Wbuiltin-declaration-mismatch]
   35 |    printf("\033[2J");
      |    ^~~~~~
C:/Users/user/source/repos/STM32/myLib/myLib.c:35:4: note: include '<stdio.h>' or provide a declaration of 'printf'
C:/Users/user/source/repos/STM32/myLib/myLib.c: At top level:
C:/Users/user/source/repos/STM32/myLib/myLib.c:38:6: warning: conflicting types for 'Cursor'; have 'void(int,  int)'
   38 | void Cursor(int x, int y)
      |      ^~~~~~
C:/Users/user/source/repos/STM32/myLib/myLib.c:22:4: note: previous implicit declaration of 'Cursor' with type 'void(int,  int)'
   22 |    Cursor(0,0);
      |    ^~~~~~
C:/Users/user/source/repos/STM32/myLib/myLib.c: In function 'Cursor':
C:/Users/user/source/repos/STM32/myLib/myLib.c:41:4: warning: implicit declaration of function 'sprintf' [-Wimplicit-function-declaration]
   41 |    sprintf(buf, "\033[%d;%dH", y,x);
      |    ^~~~~~~
C:/Users/user/source/repos/STM32/myLib/myLib.c:41:4: note: include '<stdio.h>' or provide a declaration of 'sprintf'
C:/Users/user/source/repos/STM32/myLib/myLib.c:41:4: warning: incompatible implicit declaration of built-in function 'sprintf' [-Wbuiltin-declaration-mismatch]
C:/Users/user/source/repos/STM32/myLib/myLib.c:41:4: note: include '<stdio.h>' or provide a declaration of 'sprintf'
C:/Users/user/source/repos/STM32/myLib/myLib.c:42:4: warning: implicit declaration of function 'puts' [-Wimplicit-function-declaration]
   42 |    puts(buf);
      |    ^~~~
C:/Users/user/source/repos/STM32/myLib/myLib.c:42:4: note: include '<stdio.h>' or provide a declaration of 'puts'
arm-none-eabi-gcc -o "Test004-LCD-1602.elf" @"objects.list"   -mcpu=cortex-m4 -T"C:\Users\user\source\repos\STM32\Test004-LCD-1602\STM32F411RETX_FLASH.ld" --specs=nosys.specs -Wl,-Map="Test004-LCD-1602.map" -Wl,--gc-sections -static --specs=nano.specs -mfpu=fpv4-sp-d16 -mfloat-abi=hard -mthumb -Wl,--start-group -lc -lm -Wl,--end-group
Finished building target: Test004-LCD-1602.elf
 
arm-none-eabi-size  Test004-LCD-1602.elf 
arm-none-eabi-objdump -h -S Test004-LCD-1602.elf  > "Test004-LCD-1602.list"
   text	   data	    bss	    dec	    hex	filename
  17764	    112	   2064	  19940	   4de4	Test004-LCD-1602.elf
Finished building: default.size.stdout
 
Finished building: Test004-LCD-1602.list
 
16:24:40 **** Incremental Build of configuration Debug for project Test004-joystick-lcd ****
make -j24 all 
arm-none-eabi-gcc "../Core/Src/main.c" -mcpu=cortex-m4 -std=gnu11 -g3 -DDEBUG -DUSE_HAL_DRIVER -DSTM32F411xE -c -I../Core/Inc -I../Drivers/STM32F4xx_HAL_Driver/Inc -I../Drivers/STM32F4xx_HAL_Driver/Inc/Legacy -I../Drivers/CMSIS/Device/ST/STM32F4xx/Include -I../Drivers/CMSIS/Include -O0 -ffunction-sections -fdata-sections -Wall -fstack-usage -fcyclomatic-complexity -MMD -MP -MF"Core/Src/main.d" -MT"Core/Src/main.o" --specs=nano.specs -mfpu=fpv4-sp-d16 -mfloat-abi=hard -mthumb -o "Core/Src/main.o"
../Core/Src/main.c: In function 'main':
../Core/Src/main.c:136:5: warning: implicit declaration of function 'ProgramStart' [-Wimplicit-function-declaration]
  136 |     ProgramStart("LCD - JoyStick(Mission)");
      |     ^~~~~~~~~~~~
../Core/Src/main.c:137:5: warning: implicit declaration of function 'i2c_init' [-Wimplicit-function-declaration]
  137 |     i2c_init(&hi2c2);
      |     ^~~~~~~~
../Core/Src/main.c:138:5: warning: implicit declaration of function 'i2c_scan' [-Wimplicit-function-declaration]
  138 |     i2c_scan();
      |     ^~~~~~~~
../Core/Src/main.c:142:5: warning: implicit declaration of function 'lcd_init' [-Wimplicit-function-declaration]
  142 |     lcd_init();
      |     ^~~~~~~~
arm-none-eabi-gcc -o "Test004-joystick-lcd.elf" @"objects.list"   -mcpu=cortex-m4 -T"C:\Users\user\source\repos\STM32\Test004-joystick-lcd\STM32F411RETX_FLASH.ld" --specs=nosys.specs -Wl,-Map="Test004-joystick-lcd.map" -Wl,--gc-sections -static --specs=nano.specs -mfpu=fpv4-sp-d16 -mfloat-abi=hard -mthumb -Wl,--start-group -lc -lm -Wl,--end-group
Finished building target: Test004-joystick-lcd.elf
 
arm-none-eabi-size  Test004-joystick-lcd.elf 
arm-none-eabi-objdump -h -S Test004-joystick-lcd.elf  > "Test004-joystick-lcd.list"
   text	   data	    bss	    dec	    hex	filename
  22848	    112	   2224	  25184	   6260	Test004-joystick-lcd.elf
Finished building: default.size.stdout
 
Finished building: Test004-joystick-lcd.list
 
16:25:32 **** Incremental Build of configuration Debug for project Test004-joystick-lcd ****
make -j24 all 
arm-none-eabi-gcc "../Core/Src/main.c" -mcpu=cortex-m4 -std=gnu11 -g3 -DDEBUG -DUSE_HAL_DRIVER -DSTM32F411xE -c -I../Core/Inc -I../Drivers/STM32F4xx_HAL_Driver/Inc -I../Drivers/STM32F4xx_HAL_Driver/Inc/Legacy -I../Drivers/CMSIS/Device/ST/STM32F4xx/Include -I../Drivers/CMSIS/Include -O0 -ffunction-sections -fdata-sections -Wall -fstack-usage -fcyclomatic-complexity -MMD -MP -MF"Core/Src/main.d" -MT"Core/Src/main.o" --specs=nano.specs -mfpu=fpv4-sp-d16 -mfloat-abi=hard -mthumb -o "Core/Src/main.o"
../Core/Src/main.c: In function 'main':
../Core/Src/main.c:136:5: warning: implicit declaration of function 'ProgramStart' [-Wimplicit-function-declaration]
  136 |     ProgramStart("LCD - JoyStick(Mission)");
      |     ^~~~~~~~~~~~
../Core/Src/main.c:137:5: warning: implicit declaration of function 'i2c_init' [-Wimplicit-function-declaration]
  137 |     i2c_init(&hi2c2);
      |     ^~~~~~~~
../Core/Src/main.c:138:5: warning: implicit declaration of function 'i2c_scan' [-Wimplicit-function-declaration]
  138 |     i2c_scan();
      |     ^~~~~~~~
../Core/Src/main.c:142:5: warning: implicit declaration of function 'lcd_init' [-Wimplicit-function-declaration]
  142 |     lcd_init();
      |     ^~~~~~~~
../Core/Src/main.c:152:11: warning: implicit declaration of function 'sprintf' [-Wimplicit-function-declaration]
  152 |           sprintf(buf_x, "x : %04d",val_x);
      |           ^~~~~~~
../Core/Src/main.c:21:1: note: include '<stdio.h>' or provide a declaration of 'sprintf'
   20 | #include "main.h"
  +++ |+#include <stdio.h>
   21 | 
../Core/Src/main.c:152:11: warning: incompatible implicit declaration of built-in function 'sprintf' [-Wbuiltin-declaration-mismatch]
  152 |           sprintf(buf_x, "x : %04d",val_x);
      |           ^~~~~~~
../Core/Src/main.c:152:11: note: include '<stdio.h>' or provide a declaration of 'sprintf'
../Core/Src/main.c:153:11: warning: implicit declaration of function 'lcd_printEx' [-Wimplicit-function-declaration]
  153 |           lcd_printEx(buf_x,0);
      |           ^~~~~~~~~~~
../Core/Src/main.c:152:31: warning: '%04d' directive writing between 4 and 11 bytes into a region of size 1 [-Wformat-overflow=]
  152 |           sprintf(buf_x, "x : %04d",val_x);
      |                               ^~~~
../Core/Src/main.c:152:11: note: 'sprintf' output between 9 and 16 bytes into a destination of size 5
  152 |           sprintf(buf_x, "x : %04d",val_x);
      |           ^~~~~~~~~~~~~~~~~~~~~~~~~~~~~~~~
../Core/Src/main.c:155:31: warning: '%04d' directive writing between 4 and 11 bytes into a region of size 1 [-Wformat-overflow=]
  155 |           sprintf(buf_y, "Y : %04d",val_y);
      |                               ^~~~
../Core/Src/main.c:155:11: note: 'sprintf' output between 9 and 16 bytes into a destination of size 5
  155 |           sprintf(buf_y, "Y : %04d",val_y);
      |           ^~~~~~~~~~~~~~~~~~~~~~~~~~~~~~~~
arm-none-eabi-gcc -o "Test004-joystick-lcd.elf" @"objects.list"   -mcpu=cortex-m4 -T"C:\Users\user\source\repos\STM32\Test004-joystick-lcd\STM32F411RETX_FLASH.ld" --specs=nosys.specs -Wl,-Map="Test004-joystick-lcd.map" -Wl,--gc-sections -static --specs=nano.specs -mfpu=fpv4-sp-d16 -mfloat-abi=hard -mthumb -Wl,--start-group -lc -lm -Wl,--end-group
Finished building target: Test004-joystick-lcd.elf
 
arm-none-eabi-size  Test004-joystick-lcd.elf 
arm-none-eabi-objdump -h -S Test004-joystick-lcd.elf  > "Test004-joystick-lcd.list"
   text	   data	    bss	    dec	    hex	filename
  23136	    112	   2240	  25488	   6390	Test004-joystick-lcd.elf
Finished building: default.size.stdout
 
Finished building: Test004-joystick-lcd.list
 
16:27:27 **** Incremental Build of configuration Debug for project Test004-joystick-lcd ****
make -j24 all 
arm-none-eabi-gcc "../Core/Src/main.c" -mcpu=cortex-m4 -std=gnu11 -g3 -DDEBUG -DUSE_HAL_DRIVER -DSTM32F411xE -c -I../Core/Inc -I../Drivers/STM32F4xx_HAL_Driver/Inc -I../Drivers/STM32F4xx_HAL_Driver/Inc/Legacy -I../Drivers/CMSIS/Device/ST/STM32F4xx/Include -I../Drivers/CMSIS/Include -O0 -ffunction-sections -fdata-sections -Wall -fstack-usage -fcyclomatic-complexity -MMD -MP -MF"Core/Src/main.d" -MT"Core/Src/main.o" --specs=nano.specs -mfpu=fpv4-sp-d16 -mfloat-abi=hard -mthumb -o "Core/Src/main.o"
../Core/Src/main.c: In function 'main':
../Core/Src/main.c:136:5: warning: implicit declaration of function 'ProgramStart' [-Wimplicit-function-declaration]
  136 |     ProgramStart("LCD - JoyStick(Mission)");
      |     ^~~~~~~~~~~~
../Core/Src/main.c:137:5: warning: implicit declaration of function 'i2c_init' [-Wimplicit-function-declaration]
  137 |     i2c_init(&hi2c2);
      |     ^~~~~~~~
../Core/Src/main.c:138:5: warning: implicit declaration of function 'i2c_scan' [-Wimplicit-function-declaration]
  138 |     i2c_scan();
      |     ^~~~~~~~
../Core/Src/main.c:142:5: warning: implicit declaration of function 'lcd_init' [-Wimplicit-function-declaration]
  142 |     lcd_init();
      |     ^~~~~~~~
../Core/Src/main.c:152:11: warning: implicit declaration of function 'sprintf' [-Wimplicit-function-declaration]
  152 |           sprintf(buf_x, "x : %04d",val_x);
      |           ^~~~~~~
../Core/Src/main.c:21:1: note: include '<stdio.h>' or provide a declaration of 'sprintf'
   20 | #include "main.h"
  +++ |+#include <stdio.h>
   21 | 
../Core/Src/main.c:152:11: warning: incompatible implicit declaration of built-in function 'sprintf' [-Wbuiltin-declaration-mismatch]
  152 |           sprintf(buf_x, "x : %04d",val_x);
      |           ^~~~~~~
../Core/Src/main.c:152:11: note: include '<stdio.h>' or provide a declaration of 'sprintf'
../Core/Src/main.c:153:11: warning: implicit declaration of function 'lcd_printEx' [-Wimplicit-function-declaration]
  153 |           lcd_printEx(buf_x,0);
      |           ^~~~~~~~~~~
../Core/Src/main.c:152:31: warning: '%04d' directive writing between 4 and 11 bytes into a region of size 1 [-Wformat-overflow=]
  152 |           sprintf(buf_x, "x : %04d",val_x);
      |                               ^~~~
../Core/Src/main.c:152:11: note: 'sprintf' output between 9 and 16 bytes into a destination of size 5
  152 |           sprintf(buf_x, "x : %04d",val_x);
      |           ^~~~~~~~~~~~~~~~~~~~~~~~~~~~~~~~
../Core/Src/main.c:155:31: warning: '%04d' directive writing between 4 and 11 bytes into a region of size 1 [-Wformat-overflow=]
  155 |           sprintf(buf_y, "Y : %04d",val_y);
      |                               ^~~~
../Core/Src/main.c:155:11: note: 'sprintf' output between 9 and 16 bytes into a destination of size 5
  155 |           sprintf(buf_y, "Y : %04d",val_y);
      |           ^~~~~~~~~~~~~~~~~~~~~~~~~~~~~~~~
arm-none-eabi-gcc -o "Test004-joystick-lcd.elf" @"objects.list"   -mcpu=cortex-m4 -T"C:\Users\user\source\repos\STM32\Test004-joystick-lcd\STM32F411RETX_FLASH.ld" --specs=nosys.specs -Wl,-Map="Test004-joystick-lcd.map" -Wl,--gc-sections -static --specs=nano.specs -mfpu=fpv4-sp-d16 -mfloat-abi=hard -mthumb -Wl,--start-group -lc -lm -Wl,--end-group
Finished building target: Test004-joystick-lcd.elf
 
arm-none-eabi-size  Test004-joystick-lcd.elf 
arm-none-eabi-objdump -h -S Test004-joystick-lcd.elf  > "Test004-joystick-lcd.list"
   text	   data	    bss	    dec	    hex	filename
  23144	    112	   2240	  25496	   6398	Test004-joystick-lcd.elf
Finished building: default.size.stdout
 
Finished building: Test004-joystick-lcd.list
 
16:28:00 **** Incremental Build of configuration Debug for project Test004-joystick-lcd ****
make -j24 all 
arm-none-eabi-gcc "../Core/Src/main.c" -mcpu=cortex-m4 -std=gnu11 -g3 -DDEBUG -DUSE_HAL_DRIVER -DSTM32F411xE -c -I../Core/Inc -I../Drivers/STM32F4xx_HAL_Driver/Inc -I../Drivers/STM32F4xx_HAL_Driver/Inc/Legacy -I../Drivers/CMSIS/Device/ST/STM32F4xx/Include -I../Drivers/CMSIS/Include -O0 -ffunction-sections -fdata-sections -Wall -fstack-usage -fcyclomatic-complexity -MMD -MP -MF"Core/Src/main.d" -MT"Core/Src/main.o" --specs=nano.specs -mfpu=fpv4-sp-d16 -mfloat-abi=hard -mthumb -o "Core/Src/main.o"
../Core/Src/main.c: In function 'main':
../Core/Src/main.c:136:5: warning: implicit declaration of function 'ProgramStart' [-Wimplicit-function-declaration]
  136 |     ProgramStart("LCD - JoyStick(Mission)");
      |     ^~~~~~~~~~~~
../Core/Src/main.c:137:5: warning: implicit declaration of function 'i2c_init' [-Wimplicit-function-declaration]
  137 |     i2c_init(&hi2c2);
      |     ^~~~~~~~
../Core/Src/main.c:138:5: warning: implicit declaration of function 'i2c_scan' [-Wimplicit-function-declaration]
  138 |     i2c_scan();
      |     ^~~~~~~~
../Core/Src/main.c:142:5: warning: implicit declaration of function 'lcd_init' [-Wimplicit-function-declaration]
  142 |     lcd_init();
      |     ^~~~~~~~
../Core/Src/main.c:152:11: warning: implicit declaration of function 'sprintf' [-Wimplicit-function-declaration]
  152 |           sprintf(buf_x, "x : %04d",val_x);
      |           ^~~~~~~
../Core/Src/main.c:21:1: note: include '<stdio.h>' or provide a declaration of 'sprintf'
   20 | #include "main.h"
  +++ |+#include <stdio.h>
   21 | 
../Core/Src/main.c:152:11: warning: incompatible implicit declaration of built-in function 'sprintf' [-Wbuiltin-declaration-mismatch]
  152 |           sprintf(buf_x, "x : %04d",val_x);
      |           ^~~~~~~
../Core/Src/main.c:152:11: note: include '<stdio.h>' or provide a declaration of 'sprintf'
../Core/Src/main.c:153:11: warning: implicit declaration of function 'lcd_printEx' [-Wimplicit-function-declaration]
  153 |           lcd_printEx(buf_x,0);
      |           ^~~~~~~~~~~
../Core/Src/main.c:152:31: warning: '%04d' directive writing between 4 and 11 bytes into a region of size 1 [-Wformat-overflow=]
  152 |           sprintf(buf_x, "x : %04d",val_x);
      |                               ^~~~
../Core/Src/main.c:152:11: note: 'sprintf' output between 9 and 16 bytes into a destination of size 5
  152 |           sprintf(buf_x, "x : %04d",val_x);
      |           ^~~~~~~~~~~~~~~~~~~~~~~~~~~~~~~~
../Core/Src/main.c:155:31: warning: '%04d' directive writing between 4 and 11 bytes into a region of size 1 [-Wformat-overflow=]
  155 |           sprintf(buf_y, "Y : %04d",val_y);
      |                               ^~~~
../Core/Src/main.c:155:11: note: 'sprintf' output between 9 and 16 bytes into a destination of size 5
  155 |           sprintf(buf_y, "Y : %04d",val_y);
      |           ^~~~~~~~~~~~~~~~~~~~~~~~~~~~~~~~
arm-none-eabi-gcc -o "Test004-joystick-lcd.elf" @"objects.list"   -mcpu=cortex-m4 -T"C:\Users\user\source\repos\STM32\Test004-joystick-lcd\STM32F411RETX_FLASH.ld" --specs=nosys.specs -Wl,-Map="Test004-joystick-lcd.map" -Wl,--gc-sections -static --specs=nano.specs -mfpu=fpv4-sp-d16 -mfloat-abi=hard -mthumb -Wl,--start-group -lc -lm -Wl,--end-group
Finished building target: Test004-joystick-lcd.elf
 
arm-none-eabi-size  Test004-joystick-lcd.elf 
arm-none-eabi-objdump -h -S Test004-joystick-lcd.elf  > "Test004-joystick-lcd.list"
   text	   data	    bss	    dec	    hex	filename
  23144	    112	   2240	  25496	   6398	Test004-joystick-lcd.elf
Finished building: default.size.stdout
 
Finished building: Test004-joystick-lcd.list
 
16:28:29 **** Incremental Build of configuration Debug for project Test004-joystick-lcd ****
make -j24 all 
arm-none-eabi-gcc "../Core/Src/main.c" -mcpu=cortex-m4 -std=gnu11 -g3 -DDEBUG -DUSE_HAL_DRIVER -DSTM32F411xE -c -I../Core/Inc -I../Drivers/STM32F4xx_HAL_Driver/Inc -I../Drivers/STM32F4xx_HAL_Driver/Inc/Legacy -I../Drivers/CMSIS/Device/ST/STM32F4xx/Include -I../Drivers/CMSIS/Include -O0 -ffunction-sections -fdata-sections -Wall -fstack-usage -fcyclomatic-complexity -MMD -MP -MF"Core/Src/main.d" -MT"Core/Src/main.o" --specs=nano.specs -mfpu=fpv4-sp-d16 -mfloat-abi=hard -mthumb -o "Core/Src/main.o"
../Core/Src/main.c: In function 'main':
../Core/Src/main.c:136:5: warning: implicit declaration of function 'ProgramStart' [-Wimplicit-function-declaration]
  136 |     ProgramStart("LCD - JoyStick(Mission)");
      |     ^~~~~~~~~~~~
../Core/Src/main.c:137:5: warning: implicit declaration of function 'i2c_init' [-Wimplicit-function-declaration]
  137 |     i2c_init(&hi2c2);
      |     ^~~~~~~~
../Core/Src/main.c:138:5: warning: implicit declaration of function 'i2c_scan' [-Wimplicit-function-declaration]
  138 |     i2c_scan();
      |     ^~~~~~~~
../Core/Src/main.c:142:5: warning: implicit declaration of function 'lcd_init' [-Wimplicit-function-declaration]
  142 |     lcd_init();
      |     ^~~~~~~~
../Core/Src/main.c:152:11: warning: implicit declaration of function 'sprintf' [-Wimplicit-function-declaration]
  152 |           sprintf(buf_x, "x : %04d",val_x);
      |           ^~~~~~~
../Core/Src/main.c:21:1: note: include '<stdio.h>' or provide a declaration of 'sprintf'
   20 | #include "main.h"
  +++ |+#include <stdio.h>
   21 | 
../Core/Src/main.c:152:11: warning: incompatible implicit declaration of built-in function 'sprintf' [-Wbuiltin-declaration-mismatch]
  152 |           sprintf(buf_x, "x : %04d",val_x);
      |           ^~~~~~~
../Core/Src/main.c:152:11: note: include '<stdio.h>' or provide a declaration of 'sprintf'
../Core/Src/main.c:153:11: warning: implicit declaration of function 'lcd_printEx' [-Wimplicit-function-declaration]
  153 |           lcd_printEx(buf_x,0);
      |           ^~~~~~~~~~~
../Core/Src/main.c:152:31: warning: '%04d' directive writing between 4 and 11 bytes into a region of size 1 [-Wformat-overflow=]
  152 |           sprintf(buf_x, "x : %04d",val_x);
      |                               ^~~~
../Core/Src/main.c:152:11: note: 'sprintf' output between 9 and 16 bytes into a destination of size 5
  152 |           sprintf(buf_x, "x : %04d",val_x);
      |           ^~~~~~~~~~~~~~~~~~~~~~~~~~~~~~~~
../Core/Src/main.c:155:31: warning: '%04d' directive writing between 4 and 11 bytes into a region of size 1 [-Wformat-overflow=]
  155 |           sprintf(buf_y, "Y : %04d",val_y);
      |                               ^~~~
../Core/Src/main.c:155:11: note: 'sprintf' output between 9 and 16 bytes into a destination of size 5
  155 |           sprintf(buf_y, "Y : %04d",val_y);
      |           ^~~~~~~~~~~~~~~~~~~~~~~~~~~~~~~~
arm-none-eabi-gcc -o "Test004-joystick-lcd.elf" @"objects.list"   -mcpu=cortex-m4 -T"C:\Users\user\source\repos\STM32\Test004-joystick-lcd\STM32F411RETX_FLASH.ld" --specs=nosys.specs -Wl,-Map="Test004-joystick-lcd.map" -Wl,--gc-sections -static --specs=nano.specs -mfpu=fpv4-sp-d16 -mfloat-abi=hard -mthumb -Wl,--start-group -lc -lm -Wl,--end-group
Finished building target: Test004-joystick-lcd.elf
 
arm-none-eabi-size  Test004-joystick-lcd.elf 
arm-none-eabi-objdump -h -S Test004-joystick-lcd.elf  > "Test004-joystick-lcd.list"
   text	   data	    bss	    dec	    hex	filename
  23136	    112	   2240	  25488	   6390	Test004-joystick-lcd.elf
Finished building: default.size.stdout
 
Finished building: Test004-joystick-lcd.list
 
16:29:00 **** Incremental Build of configuration Debug for project Test004-joystick-lcd ****
make -j24 all 
arm-none-eabi-size  Test004-joystick-lcd.elf 
   text	   data	    bss	    dec	    hex	filename
  23136	    112	   2240	  25488	   6390	Test004-joystick-lcd.elf
Finished building: default.size.stdout
 
16:29:50 **** Incremental Build of configuration Debug for project Test004-joystick-lcd ****
make -j24 all 
arm-none-eabi-gcc "../Core/Src/main.c" -mcpu=cortex-m4 -std=gnu11 -g3 -DDEBUG -DUSE_HAL_DRIVER -DSTM32F411xE -c -I../Core/Inc -I../Drivers/STM32F4xx_HAL_Driver/Inc -I../Drivers/STM32F4xx_HAL_Driver/Inc/Legacy -I../Drivers/CMSIS/Device/ST/STM32F4xx/Include -I../Drivers/CMSIS/Include -O0 -ffunction-sections -fdata-sections -Wall -fstack-usage -fcyclomatic-complexity -MMD -MP -MF"Core/Src/main.d" -MT"Core/Src/main.o" --specs=nano.specs -mfpu=fpv4-sp-d16 -mfloat-abi=hard -mthumb -o "Core/Src/main.o"
../Core/Src/main.c: In function 'main':
../Core/Src/main.c:136:5: warning: implicit declaration of function 'ProgramStart' [-Wimplicit-function-declaration]
  136 |     ProgramStart("LCD - JoyStick(Mission)");
      |     ^~~~~~~~~~~~
../Core/Src/main.c:137:5: warning: implicit declaration of function 'i2c_init' [-Wimplicit-function-declaration]
  137 |     i2c_init(&hi2c2);
      |     ^~~~~~~~
../Core/Src/main.c:138:5: warning: implicit declaration of function 'i2c_scan' [-Wimplicit-function-declaration]
  138 |     i2c_scan();
      |     ^~~~~~~~
../Core/Src/main.c:142:5: warning: implicit declaration of function 'lcd_init' [-Wimplicit-function-declaration]
  142 |     lcd_init();
      |     ^~~~~~~~
../Core/Src/main.c:152:11: warning: implicit declaration of function 'sprintf' [-Wimplicit-function-declaration]
  152 |           sprintf(buf_x, "x : %04d",val_x);
      |           ^~~~~~~
../Core/Src/main.c:21:1: note: include '<stdio.h>' or provide a declaration of 'sprintf'
   20 | #include "main.h"
  +++ |+#include <stdio.h>
   21 | 
../Core/Src/main.c:152:11: warning: incompatible implicit declaration of built-in function 'sprintf' [-Wbuiltin-declaration-mismatch]
  152 |           sprintf(buf_x, "x : %04d",val_x);
      |           ^~~~~~~
../Core/Src/main.c:152:11: note: include '<stdio.h>' or provide a declaration of 'sprintf'
../Core/Src/main.c:153:11: warning: implicit declaration of function 'lcd_printEx' [-Wimplicit-function-declaration]
  153 |           lcd_printEx(buf_x,0);
      |           ^~~~~~~~~~~
../Core/Src/main.c:152:31: warning: '%04d' directive writing between 4 and 11 bytes into a region of size 1 [-Wformat-overflow=]
  152 |           sprintf(buf_x, "x : %04d",val_x);
      |                               ^~~~
../Core/Src/main.c:152:11: note: 'sprintf' output between 9 and 16 bytes into a destination of size 5
  152 |           sprintf(buf_x, "x : %04d",val_x);
      |           ^~~~~~~~~~~~~~~~~~~~~~~~~~~~~~~~
../Core/Src/main.c:155:31: warning: '%04d' directive writing between 4 and 11 bytes into a region of size 1 [-Wformat-overflow=]
  155 |           sprintf(buf_y, "Y : %04d",val_y);
      |                               ^~~~
../Core/Src/main.c:155:11: note: 'sprintf' output between 9 and 16 bytes into a destination of size 5
  155 |           sprintf(buf_y, "Y : %04d",val_y);
      |           ^~~~~~~~~~~~~~~~~~~~~~~~~~~~~~~~
arm-none-eabi-gcc -o "Test004-joystick-lcd.elf" @"objects.list"   -mcpu=cortex-m4 -T"C:\Users\user\source\repos\STM32\Test004-joystick-lcd\STM32F411RETX_FLASH.ld" --specs=nosys.specs -Wl,-Map="Test004-joystick-lcd.map" -Wl,--gc-sections -static --specs=nano.specs -mfpu=fpv4-sp-d16 -mfloat-abi=hard -mthumb -Wl,--start-group -lc -lm -Wl,--end-group
Finished building target: Test004-joystick-lcd.elf
 
arm-none-eabi-size  Test004-joystick-lcd.elf 
arm-none-eabi-objdump -h -S Test004-joystick-lcd.elf  > "Test004-joystick-lcd.list"
   text	   data	    bss	    dec	    hex	filename
  23144	    112	   2240	  25496	   6398	Test004-joystick-lcd.elf
Finished building: default.size.stdout
 
Finished building: Test004-joystick-lcd.list
 
16:30:46 **** Incremental Build of configuration Debug for project Test004-joystick-lcd ****
make -j24 all 
arm-none-eabi-gcc "../Core/Src/main.c" -mcpu=cortex-m4 -std=gnu11 -g3 -DDEBUG -DUSE_HAL_DRIVER -DSTM32F411xE -c -I../Core/Inc -I../Drivers/STM32F4xx_HAL_Driver/Inc -I../Drivers/STM32F4xx_HAL_Driver/Inc/Legacy -I../Drivers/CMSIS/Device/ST/STM32F4xx/Include -I../Drivers/CMSIS/Include -O0 -ffunction-sections -fdata-sections -Wall -fstack-usage -fcyclomatic-complexity -MMD -MP -MF"Core/Src/main.d" -MT"Core/Src/main.o" --specs=nano.specs -mfpu=fpv4-sp-d16 -mfloat-abi=hard -mthumb -o "Core/Src/main.o"
../Core/Src/main.c: In function 'main':
../Core/Src/main.c:136:5: warning: implicit declaration of function 'ProgramStart' [-Wimplicit-function-declaration]
  136 |     ProgramStart("LCD - JoyStick(Mission)");
      |     ^~~~~~~~~~~~
../Core/Src/main.c:137:5: warning: implicit declaration of function 'i2c_init' [-Wimplicit-function-declaration]
  137 |     i2c_init(&hi2c2);
      |     ^~~~~~~~
../Core/Src/main.c:138:5: warning: implicit declaration of function 'i2c_scan' [-Wimplicit-function-declaration]
  138 |     i2c_scan();
      |     ^~~~~~~~
../Core/Src/main.c:142:5: warning: implicit declaration of function 'lcd_init' [-Wimplicit-function-declaration]
  142 |     lcd_init();
      |     ^~~~~~~~
../Core/Src/main.c:152:11: warning: implicit declaration of function 'sprintf' [-Wimplicit-function-declaration]
  152 |           sprintf(buf_x, "axis_x : %-4d",val_x);
      |           ^~~~~~~
../Core/Src/main.c:21:1: note: include '<stdio.h>' or provide a declaration of 'sprintf'
   20 | #include "main.h"
  +++ |+#include <stdio.h>
   21 | 
../Core/Src/main.c:152:11: warning: incompatible implicit declaration of built-in function 'sprintf' [-Wbuiltin-declaration-mismatch]
  152 |           sprintf(buf_x, "axis_x : %-4d",val_x);
      |           ^~~~~~~
../Core/Src/main.c:152:11: note: include '<stdio.h>' or provide a declaration of 'sprintf'
../Core/Src/main.c:153:11: warning: implicit declaration of function 'lcd_printEx' [-Wimplicit-function-declaration]
  153 |           lcd_printEx(buf_x,0);
      |           ^~~~~~~~~~~
../Core/Src/main.c:152:32: warning: 'axis_x : ' directive writing 9 bytes into a region of size 5 [-Wformat-overflow=]
  152 |           sprintf(buf_x, "axis_x : %-4d",val_x);
      |                           ~~~~~^~~~
../Core/Src/main.c:152:11: note: 'sprintf' output between 14 and 21 bytes into a destination of size 5
  152 |           sprintf(buf_x, "axis_x : %-4d",val_x);
      |           ^~~~~~~~~~~~~~~~~~~~~~~~~~~~~~~~~~~~~
../Core/Src/main.c:155:32: warning: 'axis_Y : ' directive writing 9 bytes into a region of size 5 [-Wformat-overflow=]
  155 |           sprintf(buf_y, "axis_Y : %-4d",val_y);
      |                           ~~~~~^~~~
../Core/Src/main.c:155:11: note: 'sprintf' output between 14 and 21 bytes into a destination of size 5
  155 |           sprintf(buf_y, "axis_Y : %-4d",val_y);
      |           ^~~~~~~~~~~~~~~~~~~~~~~~~~~~~~~~~~~~~
arm-none-eabi-gcc -o "Test004-joystick-lcd.elf" @"objects.list"   -mcpu=cortex-m4 -T"C:\Users\user\source\repos\STM32\Test004-joystick-lcd\STM32F411RETX_FLASH.ld" --specs=nosys.specs -Wl,-Map="Test004-joystick-lcd.map" -Wl,--gc-sections -static --specs=nano.specs -mfpu=fpv4-sp-d16 -mfloat-abi=hard -mthumb -Wl,--start-group -lc -lm -Wl,--end-group
Finished building target: Test004-joystick-lcd.elf
 
arm-none-eabi-size  Test004-joystick-lcd.elf 
arm-none-eabi-objdump -h -S Test004-joystick-lcd.elf  > "Test004-joystick-lcd.list"
   text	   data	    bss	    dec	    hex	filename
  23152	    112	   2240	  25504	   63a0	Test004-joystick-lcd.elf
Finished building: default.size.stdout
 
Finished building: Test004-joystick-lcd.list
 
16:31:41 **** Incremental Build of configuration Debug for project Test004-joystick-lcd ****
make -j24 all 
arm-none-eabi-gcc "../Core/Src/main.c" -mcpu=cortex-m4 -std=gnu11 -g3 -DDEBUG -DUSE_HAL_DRIVER -DSTM32F411xE -c -I../Core/Inc -I../Drivers/STM32F4xx_HAL_Driver/Inc -I../Drivers/STM32F4xx_HAL_Driver/Inc/Legacy -I../Drivers/CMSIS/Device/ST/STM32F4xx/Include -I../Drivers/CMSIS/Include -O0 -ffunction-sections -fdata-sections -Wall -fstack-usage -fcyclomatic-complexity -MMD -MP -MF"Core/Src/main.d" -MT"Core/Src/main.o" --specs=nano.specs -mfpu=fpv4-sp-d16 -mfloat-abi=hard -mthumb -o "Core/Src/main.o"
../Core/Src/main.c: In function 'main':
../Core/Src/main.c:136:5: warning: implicit declaration of function 'ProgramStart' [-Wimplicit-function-declaration]
  136 |     ProgramStart("LCD - JoyStick(Mission)");
      |     ^~~~~~~~~~~~
../Core/Src/main.c:137:5: warning: implicit declaration of function 'i2c_init' [-Wimplicit-function-declaration]
  137 |     i2c_init(&hi2c2);
      |     ^~~~~~~~
../Core/Src/main.c:138:5: warning: implicit declaration of function 'i2c_scan' [-Wimplicit-function-declaration]
  138 |     i2c_scan();
      |     ^~~~~~~~
../Core/Src/main.c:142:5: warning: implicit declaration of function 'lcd_init' [-Wimplicit-function-declaration]
  142 |     lcd_init();
      |     ^~~~~~~~
../Core/Src/main.c:152:11: warning: implicit declaration of function 'sprintf' [-Wimplicit-function-declaration]
  152 |           sprintf(buf_x, "axis_x : %-4d",val_x);
      |           ^~~~~~~
../Core/Src/main.c:21:1: note: include '<stdio.h>' or provide a declaration of 'sprintf'
   20 | #include "main.h"
  +++ |+#include <stdio.h>
   21 | 
../Core/Src/main.c:152:11: warning: incompatible implicit declaration of built-in function 'sprintf' [-Wbuiltin-declaration-mismatch]
  152 |           sprintf(buf_x, "axis_x : %-4d",val_x);
      |           ^~~~~~~
../Core/Src/main.c:152:11: note: include '<stdio.h>' or provide a declaration of 'sprintf'
../Core/Src/main.c:153:11: warning: implicit declaration of function 'lcd_printEx' [-Wimplicit-function-declaration]
  153 |           lcd_printEx(buf_x,0);
      |           ^~~~~~~~~~~
../Core/Src/main.c:152:32: warning: 'axis_x : ' directive writing 9 bytes into a region of size 5 [-Wformat-overflow=]
  152 |           sprintf(buf_x, "axis_x : %-4d",val_x);
      |                           ~~~~~^~~~
../Core/Src/main.c:152:11: note: 'sprintf' output between 14 and 21 bytes into a destination of size 5
  152 |           sprintf(buf_x, "axis_x : %-4d",val_x);
      |           ^~~~~~~~~~~~~~~~~~~~~~~~~~~~~~~~~~~~~
../Core/Src/main.c:155:32: warning: 'axis_Y : ' directive writing 9 bytes into a region of size 5 [-Wformat-overflow=]
  155 |           sprintf(buf_y, "axis_Y : %-4d",val_y);
      |                           ~~~~~^~~~
../Core/Src/main.c:155:11: note: 'sprintf' output between 14 and 21 bytes into a destination of size 5
  155 |           sprintf(buf_y, "axis_Y : %-4d",val_y);
      |           ^~~~~~~~~~~~~~~~~~~~~~~~~~~~~~~~~~~~~
arm-none-eabi-gcc -o "Test004-joystick-lcd.elf" @"objects.list"   -mcpu=cortex-m4 -T"C:\Users\user\source\repos\STM32\Test004-joystick-lcd\STM32F411RETX_FLASH.ld" --specs=nosys.specs -Wl,-Map="Test004-joystick-lcd.map" -Wl,--gc-sections -static --specs=nano.specs -mfpu=fpv4-sp-d16 -mfloat-abi=hard -mthumb -Wl,--start-group -lc -lm -Wl,--end-group
Finished building target: Test004-joystick-lcd.elf
 
arm-none-eabi-size  Test004-joystick-lcd.elf 
arm-none-eabi-objdump -h -S Test004-joystick-lcd.elf  > "Test004-joystick-lcd.list"
   text	   data	    bss	    dec	    hex	filename
  23152	    112	   2240	  25504	   63a0	Test004-joystick-lcd.elf
Finished building: default.size.stdout
 
Finished building: Test004-joystick-lcd.list
 
16:32:16 **** Incremental Build of configuration Debug for project Test004-joystick-lcd ****
make -j24 all 
arm-none-eabi-gcc "../Core/Src/main.c" -mcpu=cortex-m4 -std=gnu11 -g3 -DDEBUG -DUSE_HAL_DRIVER -DSTM32F411xE -c -I../Core/Inc -I../Drivers/STM32F4xx_HAL_Driver/Inc -I../Drivers/STM32F4xx_HAL_Driver/Inc/Legacy -I../Drivers/CMSIS/Device/ST/STM32F4xx/Include -I../Drivers/CMSIS/Include -O0 -ffunction-sections -fdata-sections -Wall -fstack-usage -fcyclomatic-complexity -MMD -MP -MF"Core/Src/main.d" -MT"Core/Src/main.o" --specs=nano.specs -mfpu=fpv4-sp-d16 -mfloat-abi=hard -mthumb -o "Core/Src/main.o"
../Core/Src/main.c: In function 'main':
../Core/Src/main.c:136:5: warning: implicit declaration of function 'ProgramStart' [-Wimplicit-function-declaration]
  136 |     ProgramStart("LCD - JoyStick(Mission)");
      |     ^~~~~~~~~~~~
../Core/Src/main.c:137:5: warning: implicit declaration of function 'i2c_init' [-Wimplicit-function-declaration]
  137 |     i2c_init(&hi2c2);
      |     ^~~~~~~~
../Core/Src/main.c:138:5: warning: implicit declaration of function 'i2c_scan' [-Wimplicit-function-declaration]
  138 |     i2c_scan();
      |     ^~~~~~~~
../Core/Src/main.c:142:5: warning: implicit declaration of function 'lcd_init' [-Wimplicit-function-declaration]
  142 |     lcd_init();
      |     ^~~~~~~~
../Core/Src/main.c:152:11: warning: implicit declaration of function 'sprintf' [-Wimplicit-function-declaration]
  152 |           sprintf(buf_x, "axis_x : %04d",val_x);
      |           ^~~~~~~
../Core/Src/main.c:21:1: note: include '<stdio.h>' or provide a declaration of 'sprintf'
   20 | #include "main.h"
  +++ |+#include <stdio.h>
   21 | 
../Core/Src/main.c:152:11: warning: incompatible implicit declaration of built-in function 'sprintf' [-Wbuiltin-declaration-mismatch]
  152 |           sprintf(buf_x, "axis_x : %04d",val_x);
      |           ^~~~~~~
../Core/Src/main.c:152:11: note: include '<stdio.h>' or provide a declaration of 'sprintf'
../Core/Src/main.c:153:11: warning: implicit declaration of function 'lcd_printEx' [-Wimplicit-function-declaration]
  153 |           lcd_printEx(buf_x,0);
      |           ^~~~~~~~~~~
../Core/Src/main.c:152:32: warning: 'axis_x : ' directive writing 9 bytes into a region of size 5 [-Wformat-overflow=]
  152 |           sprintf(buf_x, "axis_x : %04d",val_x);
      |                           ~~~~~^~~~
../Core/Src/main.c:152:11: note: 'sprintf' output between 14 and 21 bytes into a destination of size 5
  152 |           sprintf(buf_x, "axis_x : %04d",val_x);
      |           ^~~~~~~~~~~~~~~~~~~~~~~~~~~~~~~~~~~~~
../Core/Src/main.c:155:32: warning: 'axis_Y : ' directive writing 9 bytes into a region of size 5 [-Wformat-overflow=]
  155 |           sprintf(buf_y, "axis_Y : %04d",val_y);
      |                           ~~~~~^~~~
../Core/Src/main.c:155:11: note: 'sprintf' output between 14 and 21 bytes into a destination of size 5
  155 |           sprintf(buf_y, "axis_Y : %04d",val_y);
      |           ^~~~~~~~~~~~~~~~~~~~~~~~~~~~~~~~~~~~~
arm-none-eabi-gcc -o "Test004-joystick-lcd.elf" @"objects.list"   -mcpu=cortex-m4 -T"C:\Users\user\source\repos\STM32\Test004-joystick-lcd\STM32F411RETX_FLASH.ld" --specs=nosys.specs -Wl,-Map="Test004-joystick-lcd.map" -Wl,--gc-sections -static --specs=nano.specs -mfpu=fpv4-sp-d16 -mfloat-abi=hard -mthumb -Wl,--start-group -lc -lm -Wl,--end-group
Finished building target: Test004-joystick-lcd.elf
 
arm-none-eabi-size  Test004-joystick-lcd.elf 
arm-none-eabi-objdump -h -S Test004-joystick-lcd.elf  > "Test004-joystick-lcd.list"
   text	   data	    bss	    dec	    hex	filename
  23152	    112	   2240	  25504	   63a0	Test004-joystick-lcd.elf
Finished building: default.size.stdout
 
Finished building: Test004-joystick-lcd.list
 
16:32:45 **** Incremental Build of configuration Debug for project Test004-joystick-lcd ****
make -j24 all 
arm-none-eabi-gcc "../Core/Src/main.c" -mcpu=cortex-m4 -std=gnu11 -g3 -DDEBUG -DUSE_HAL_DRIVER -DSTM32F411xE -c -I../Core/Inc -I../Drivers/STM32F4xx_HAL_Driver/Inc -I../Drivers/STM32F4xx_HAL_Driver/Inc/Legacy -I../Drivers/CMSIS/Device/ST/STM32F4xx/Include -I../Drivers/CMSIS/Include -O0 -ffunction-sections -fdata-sections -Wall -fstack-usage -fcyclomatic-complexity -MMD -MP -MF"Core/Src/main.d" -MT"Core/Src/main.o" --specs=nano.specs -mfpu=fpv4-sp-d16 -mfloat-abi=hard -mthumb -o "Core/Src/main.o"
../Core/Src/main.c: In function 'main':
../Core/Src/main.c:136:5: warning: implicit declaration of function 'ProgramStart' [-Wimplicit-function-declaration]
  136 |     ProgramStart("LCD - JoyStick(Mission)");
      |     ^~~~~~~~~~~~
../Core/Src/main.c:137:5: warning: implicit declaration of function 'i2c_init' [-Wimplicit-function-declaration]
  137 |     i2c_init(&hi2c2);
      |     ^~~~~~~~
../Core/Src/main.c:138:5: warning: implicit declaration of function 'i2c_scan' [-Wimplicit-function-declaration]
  138 |     i2c_scan();
      |     ^~~~~~~~
../Core/Src/main.c:142:5: warning: implicit declaration of function 'lcd_init' [-Wimplicit-function-declaration]
  142 |     lcd_init();
      |     ^~~~~~~~
../Core/Src/main.c:152:11: warning: implicit declaration of function 'sprintf' [-Wimplicit-function-declaration]
  152 |           sprintf(buf_x, "axis_x : %4d",val_x);
      |           ^~~~~~~
../Core/Src/main.c:21:1: note: include '<stdio.h>' or provide a declaration of 'sprintf'
   20 | #include "main.h"
  +++ |+#include <stdio.h>
   21 | 
../Core/Src/main.c:152:11: warning: incompatible implicit declaration of built-in function 'sprintf' [-Wbuiltin-declaration-mismatch]
  152 |           sprintf(buf_x, "axis_x : %4d",val_x);
      |           ^~~~~~~
../Core/Src/main.c:152:11: note: include '<stdio.h>' or provide a declaration of 'sprintf'
../Core/Src/main.c:153:11: warning: implicit declaration of function 'lcd_printEx' [-Wimplicit-function-declaration]
  153 |           lcd_printEx(buf_x,0);
      |           ^~~~~~~~~~~
../Core/Src/main.c:152:32: warning: 'axis_x : ' directive writing 9 bytes into a region of size 5 [-Wformat-overflow=]
  152 |           sprintf(buf_x, "axis_x : %4d",val_x);
      |                           ~~~~~^~~~
../Core/Src/main.c:152:11: note: 'sprintf' output between 14 and 21 bytes into a destination of size 5
  152 |           sprintf(buf_x, "axis_x : %4d",val_x);
      |           ^~~~~~~~~~~~~~~~~~~~~~~~~~~~~~~~~~~~
../Core/Src/main.c:155:32: warning: 'axis_Y : ' directive writing 9 bytes into a region of size 5 [-Wformat-overflow=]
  155 |           sprintf(buf_y, "axis_Y : %4d",val_y);
      |                           ~~~~~^~~~
../Core/Src/main.c:155:11: note: 'sprintf' output between 14 and 21 bytes into a destination of size 5
  155 |           sprintf(buf_y, "axis_Y : %4d",val_y);
      |           ^~~~~~~~~~~~~~~~~~~~~~~~~~~~~~~~~~~~
arm-none-eabi-gcc -o "Test004-joystick-lcd.elf" @"objects.list"   -mcpu=cortex-m4 -T"C:\Users\user\source\repos\STM32\Test004-joystick-lcd\STM32F411RETX_FLASH.ld" --specs=nosys.specs -Wl,-Map="Test004-joystick-lcd.map" -Wl,--gc-sections -static --specs=nano.specs -mfpu=fpv4-sp-d16 -mfloat-abi=hard -mthumb -Wl,--start-group -lc -lm -Wl,--end-group
Finished building target: Test004-joystick-lcd.elf
 
arm-none-eabi-size  Test004-joystick-lcd.elf 
arm-none-eabi-objdump -h -S Test004-joystick-lcd.elf  > "Test004-joystick-lcd.list"
   text	   data	    bss	    dec	    hex	filename
  23152	    112	   2240	  25504	   63a0	Test004-joystick-lcd.elf
Finished building: default.size.stdout
 
Finished building: Test004-joystick-lcd.list
 
16:49:15 **** Incremental Build of configuration Debug for project Test004-joystick-lcd ****
make -j24 all 
arm-none-eabi-gcc "../Core/Src/main.c" -mcpu=cortex-m4 -std=gnu11 -g3 -DDEBUG -DUSE_HAL_DRIVER -DSTM32F411xE -c -I../Core/Inc -I../Drivers/STM32F4xx_HAL_Driver/Inc -I../Drivers/STM32F4xx_HAL_Driver/Inc/Legacy -I../Drivers/CMSIS/Device/ST/STM32F4xx/Include -I../Drivers/CMSIS/Include -O0 -ffunction-sections -fdata-sections -Wall -fstack-usage -fcyclomatic-complexity -MMD -MP -MF"Core/Src/main.d" -MT"Core/Src/main.o" --specs=nano.specs -mfpu=fpv4-sp-d16 -mfloat-abi=hard -mthumb -o "Core/Src/main.o"
../Core/Src/main.c: In function 'main':
../Core/Src/main.c:136:5: warning: implicit declaration of function 'ProgramStart' [-Wimplicit-function-declaration]
  136 |     ProgramStart("LCD - JoyStick(Mission)");
      |     ^~~~~~~~~~~~
../Core/Src/main.c:137:5: warning: implicit declaration of function 'i2c_init' [-Wimplicit-function-declaration]
  137 |     i2c_init(&hi2c2);
      |     ^~~~~~~~
../Core/Src/main.c:138:5: warning: implicit declaration of function 'i2c_scan' [-Wimplicit-function-declaration]
  138 |     i2c_scan();
      |     ^~~~~~~~
../Core/Src/main.c:142:5: warning: implicit declaration of function 'lcd_init' [-Wimplicit-function-declaration]
  142 |     lcd_init();
      |     ^~~~~~~~
../Core/Src/main.c:160:11: warning: implicit declaration of function 'sprintf' [-Wimplicit-function-declaration]
  160 |           sprintf(buf_x, "temp: %-6.1f",val_x);lcd_printEx(buf_x,0);
      |           ^~~~~~~
../Core/Src/main.c:21:1: note: include '<stdio.h>' or provide a declaration of 'sprintf'
   20 | #include "main.h"
  +++ |+#include <stdio.h>
   21 | 
../Core/Src/main.c:160:11: warning: incompatible implicit declaration of built-in function 'sprintf' [-Wbuiltin-declaration-mismatch]
  160 |           sprintf(buf_x, "temp: %-6.1f",val_x);lcd_printEx(buf_x,0);
      |           ^~~~~~~
../Core/Src/main.c:160:11: note: include '<stdio.h>' or provide a declaration of 'sprintf'
../Core/Src/main.c:160:38: warning: format '%f' expects argument of type 'double', but argument 3 has type 'int' [-Wformat=]
  160 |           sprintf(buf_x, "temp: %-6.1f",val_x);lcd_printEx(buf_x,0);
      |                                 ~~~~~^  ~~~~~
      |                                      |  |
      |                                      |  int
      |                                      double
      |                                 %-6.1d
../Core/Src/main.c:160:48: warning: implicit declaration of function 'lcd_printEx' [-Wimplicit-function-declaration]
  160 |           sprintf(buf_x, "temp: %-6.1f",val_x);lcd_printEx(buf_x,0);
      |                                                ^~~~~~~~~~~
../Core/Src/main.c:161:38: warning: format '%f' expects argument of type 'double', but argument 3 has type 'int' [-Wformat=]
  161 |           sprintf(buf_x, "humi: %-6.1f",val_x);lcd_printEx(buf_x,0);
      |                                 ~~~~~^  ~~~~~
      |                                      |  |
      |                                      |  int
      |                                      double
      |                                 %-6.1d
../Core/Src/main.c:159:18: warning: unused variable 'hm' [-Wunused-variable]
  159 |           double hm = ((100.0/4096.0)*val_y);
      |                  ^~
../Core/Src/main.c:158:18: warning: unused variable 'tm' [-Wunused-variable]
  158 |           double tm = ((240.0/4096.0)*val_x)-40;
      |                  ^~
../Core/Src/main.c:160:32: warning: 'temp: ' directive writing 6 bytes into a region of size 5 [-Wformat-overflow=]
  160 |           sprintf(buf_x, "temp: %-6.1f",val_x);lcd_printEx(buf_x,0);
      |                           ~~~~~^
../Core/Src/main.c:160:11: note: 'sprintf' output between 13 and 319 bytes into a destination of size 5
  160 |           sprintf(buf_x, "temp: %-6.1f",val_x);lcd_printEx(buf_x,0);
      |           ^~~~~~~~~~~~~~~~~~~~~~~~~~~~~~~~~~~~
../Core/Src/main.c:161:32: warning: 'humi: ' directive writing 6 bytes into a region of size 5 [-Wformat-overflow=]
  161 |           sprintf(buf_x, "humi: %-6.1f",val_x);lcd_printEx(buf_x,0);
      |                           ~~~~~^
../Core/Src/main.c:161:11: note: 'sprintf' output between 13 and 319 bytes into a destination of size 5
  161 |           sprintf(buf_x, "humi: %-6.1f",val_x);lcd_printEx(buf_x,0);
      |           ^~~~~~~~~~~~~~~~~~~~~~~~~~~~~~~~~~~~
arm-none-eabi-gcc -o "Test004-joystick-lcd.elf" @"objects.list"   -mcpu=cortex-m4 -T"C:\Users\user\source\repos\STM32\Test004-joystick-lcd\STM32F411RETX_FLASH.ld" --specs=nosys.specs -Wl,-Map="Test004-joystick-lcd.map" -Wl,--gc-sections -static --specs=nano.specs -mfpu=fpv4-sp-d16 -mfloat-abi=hard -mthumb -u _printf_float -u _scanf_float -Wl,--start-group -lc -lm -Wl,--end-group
Finished building target: Test004-joystick-lcd.elf
 
arm-none-eabi-size  Test004-joystick-lcd.elf 
arm-none-eabi-objdump -h -S Test004-joystick-lcd.elf  > "Test004-joystick-lcd.list"
   text	   data	    bss	    dec	    hex	filename
  40744	    476	   2228	  43448	   a9b8	Test004-joystick-lcd.elf
Finished building: default.size.stdout
 
Finished building: Test004-joystick-lcd.list
 
16:49:44 **** Incremental Build of configuration Debug for project Test004-joystick-lcd ****
make -j24 all 
arm-none-eabi-gcc "../Core/Src/main.c" -mcpu=cortex-m4 -std=gnu11 -g3 -DDEBUG -DUSE_HAL_DRIVER -DSTM32F411xE -c -I../Core/Inc -I../Drivers/STM32F4xx_HAL_Driver/Inc -I../Drivers/STM32F4xx_HAL_Driver/Inc/Legacy -I../Drivers/CMSIS/Device/ST/STM32F4xx/Include -I../Drivers/CMSIS/Include -O0 -ffunction-sections -fdata-sections -Wall -fstack-usage -fcyclomatic-complexity -MMD -MP -MF"Core/Src/main.d" -MT"Core/Src/main.o" --specs=nano.specs -mfpu=fpv4-sp-d16 -mfloat-abi=hard -mthumb -o "Core/Src/main.o"
../Core/Src/main.c: In function 'main':
../Core/Src/main.c:136:5: warning: implicit declaration of function 'ProgramStart' [-Wimplicit-function-declaration]
  136 |     ProgramStart("LCD - JoyStick(Mission)");
      |     ^~~~~~~~~~~~
../Core/Src/main.c:137:5: warning: implicit declaration of function 'i2c_init' [-Wimplicit-function-declaration]
  137 |     i2c_init(&hi2c2);
      |     ^~~~~~~~
../Core/Src/main.c:138:5: warning: implicit declaration of function 'i2c_scan' [-Wimplicit-function-declaration]
  138 |     i2c_scan();
      |     ^~~~~~~~
../Core/Src/main.c:142:5: warning: implicit declaration of function 'lcd_init' [-Wimplicit-function-declaration]
  142 |     lcd_init();
      |     ^~~~~~~~
../Core/Src/main.c:160:11: warning: implicit declaration of function 'sprintf' [-Wimplicit-function-declaration]
  160 |           sprintf(buf_x, "temp: %-6.1f",val_x);lcd_printEx(buf_x,0);
      |           ^~~~~~~
../Core/Src/main.c:21:1: note: include '<stdio.h>' or provide a declaration of 'sprintf'
   20 | #include "main.h"
  +++ |+#include <stdio.h>
   21 | 
../Core/Src/main.c:160:11: warning: incompatible implicit declaration of built-in function 'sprintf' [-Wbuiltin-declaration-mismatch]
  160 |           sprintf(buf_x, "temp: %-6.1f",val_x);lcd_printEx(buf_x,0);
      |           ^~~~~~~
../Core/Src/main.c:160:11: note: include '<stdio.h>' or provide a declaration of 'sprintf'
../Core/Src/main.c:160:38: warning: format '%f' expects argument of type 'double', but argument 3 has type 'int' [-Wformat=]
  160 |           sprintf(buf_x, "temp: %-6.1f",val_x);lcd_printEx(buf_x,0);
      |                                 ~~~~~^  ~~~~~
      |                                      |  |
      |                                      |  int
      |                                      double
      |                                 %-6.1d
../Core/Src/main.c:160:48: warning: implicit declaration of function 'lcd_printEx' [-Wimplicit-function-declaration]
  160 |           sprintf(buf_x, "temp: %-6.1f",val_x);lcd_printEx(buf_x,0);
      |                                                ^~~~~~~~~~~
../Core/Src/main.c:161:38: warning: format '%f' expects argument of type 'double', but argument 3 has type 'int' [-Wformat=]
  161 |           sprintf(buf_x, "humi: %-6.1f",val_x);lcd_printEx(buf_x,1);
      |                                 ~~~~~^  ~~~~~
      |                                      |  |
      |                                      |  int
      |                                      double
      |                                 %-6.1d
../Core/Src/main.c:159:18: warning: unused variable 'hm' [-Wunused-variable]
  159 |           double hm = ((100.0/4096.0)*val_y);
      |                  ^~
../Core/Src/main.c:158:18: warning: unused variable 'tm' [-Wunused-variable]
  158 |           double tm = ((240.0/4096.0)*val_x)-40;
      |                  ^~
../Core/Src/main.c:160:32: warning: 'temp: ' directive writing 6 bytes into a region of size 5 [-Wformat-overflow=]
  160 |           sprintf(buf_x, "temp: %-6.1f",val_x);lcd_printEx(buf_x,0);
      |                           ~~~~~^
../Core/Src/main.c:160:11: note: 'sprintf' output between 13 and 319 bytes into a destination of size 5
  160 |           sprintf(buf_x, "temp: %-6.1f",val_x);lcd_printEx(buf_x,0);
      |           ^~~~~~~~~~~~~~~~~~~~~~~~~~~~~~~~~~~~
../Core/Src/main.c:161:32: warning: 'humi: ' directive writing 6 bytes into a region of size 5 [-Wformat-overflow=]
  161 |           sprintf(buf_x, "humi: %-6.1f",val_x);lcd_printEx(buf_x,1);
      |                           ~~~~~^
../Core/Src/main.c:161:11: note: 'sprintf' output between 13 and 319 bytes into a destination of size 5
  161 |           sprintf(buf_x, "humi: %-6.1f",val_x);lcd_printEx(buf_x,1);
      |           ^~~~~~~~~~~~~~~~~~~~~~~~~~~~~~~~~~~~
arm-none-eabi-gcc -o "Test004-joystick-lcd.elf" @"objects.list"   -mcpu=cortex-m4 -T"C:\Users\user\source\repos\STM32\Test004-joystick-lcd\STM32F411RETX_FLASH.ld" --specs=nosys.specs -Wl,-Map="Test004-joystick-lcd.map" -Wl,--gc-sections -static --specs=nano.specs -mfpu=fpv4-sp-d16 -mfloat-abi=hard -mthumb -u _printf_float -u _scanf_float -Wl,--start-group -lc -lm -Wl,--end-group
Finished building target: Test004-joystick-lcd.elf
 
arm-none-eabi-size  Test004-joystick-lcd.elf 
arm-none-eabi-objdump -h -S Test004-joystick-lcd.elf  > "Test004-joystick-lcd.list"
   text	   data	    bss	    dec	    hex	filename
  40744	    476	   2228	  43448	   a9b8	Test004-joystick-lcd.elf
Finished building: default.size.stdout
 
Finished building: Test004-joystick-lcd.list
 
16:50:44 **** Incremental Build of configuration Debug for project Test004-joystick-lcd ****
make -j24 all 
arm-none-eabi-gcc "../Core/Src/main.c" -mcpu=cortex-m4 -std=gnu11 -g3 -DDEBUG -DUSE_HAL_DRIVER -DSTM32F411xE -c -I../Core/Inc -I../Drivers/STM32F4xx_HAL_Driver/Inc -I../Drivers/STM32F4xx_HAL_Driver/Inc/Legacy -I../Drivers/CMSIS/Device/ST/STM32F4xx/Include -I../Drivers/CMSIS/Include -O0 -ffunction-sections -fdata-sections -Wall -fstack-usage -fcyclomatic-complexity -MMD -MP -MF"Core/Src/main.d" -MT"Core/Src/main.o" --specs=nano.specs -mfpu=fpv4-sp-d16 -mfloat-abi=hard -mthumb -o "Core/Src/main.o"
../Core/Src/main.c: In function 'main':
../Core/Src/main.c:136:5: warning: implicit declaration of function 'ProgramStart' [-Wimplicit-function-declaration]
  136 |     ProgramStart("LCD - JoyStick(Mission)");
      |     ^~~~~~~~~~~~
../Core/Src/main.c:137:5: warning: implicit declaration of function 'i2c_init' [-Wimplicit-function-declaration]
  137 |     i2c_init(&hi2c2);
      |     ^~~~~~~~
../Core/Src/main.c:138:5: warning: implicit declaration of function 'i2c_scan' [-Wimplicit-function-declaration]
  138 |     i2c_scan();
      |     ^~~~~~~~
../Core/Src/main.c:142:5: warning: implicit declaration of function 'lcd_init' [-Wimplicit-function-declaration]
  142 |     lcd_init();
      |     ^~~~~~~~
../Core/Src/main.c:152:11: warning: implicit declaration of function 'sprintf' [-Wimplicit-function-declaration]
  152 |           sprintf(buf_x, "x : %-4d",val_x);
      |           ^~~~~~~
../Core/Src/main.c:21:1: note: include '<stdio.h>' or provide a declaration of 'sprintf'
   20 | #include "main.h"
  +++ |+#include <stdio.h>
   21 | 
../Core/Src/main.c:152:11: warning: incompatible implicit declaration of built-in function 'sprintf' [-Wbuiltin-declaration-mismatch]
  152 |           sprintf(buf_x, "x : %-4d",val_x);
      |           ^~~~~~~
../Core/Src/main.c:152:11: note: include '<stdio.h>' or provide a declaration of 'sprintf'
../Core/Src/main.c:153:11: warning: implicit declaration of function 'lcd_printEx' [-Wimplicit-function-declaration]
  153 |           lcd_printEx(buf_x,0);
      |           ^~~~~~~~~~~
../Core/Src/main.c:152:31: warning: '%-4d' directive writing between 4 and 11 bytes into a region of size 1 [-Wformat-overflow=]
  152 |           sprintf(buf_x, "x : %-4d",val_x);
      |                               ^~~~
../Core/Src/main.c:152:11: note: 'sprintf' output between 9 and 16 bytes into a destination of size 5
  152 |           sprintf(buf_x, "x : %-4d",val_x);
      |           ^~~~~~~~~~~~~~~~~~~~~~~~~~~~~~~~
../Core/Src/main.c:155:31: warning: '%-4d' directive writing between 4 and 11 bytes into a region of size 1 [-Wformat-overflow=]
  155 |           sprintf(buf_y, "Y : %-4d",val_y);
      |                               ^~~~
../Core/Src/main.c:155:11: note: 'sprintf' output between 9 and 16 bytes into a destination of size 5
  155 |           sprintf(buf_y, "Y : %-4d",val_y);
      |           ^~~~~~~~~~~~~~~~~~~~~~~~~~~~~~~~
arm-none-eabi-gcc -o "Test004-joystick-lcd.elf" @"objects.list"   -mcpu=cortex-m4 -T"C:\Users\user\source\repos\STM32\Test004-joystick-lcd\STM32F411RETX_FLASH.ld" --specs=nosys.specs -Wl,-Map="Test004-joystick-lcd.map" -Wl,--gc-sections -static --specs=nano.specs -mfpu=fpv4-sp-d16 -mfloat-abi=hard -mthumb -u _printf_float -u _scanf_float -Wl,--start-group -lc -lm -Wl,--end-group
Finished building target: Test004-joystick-lcd.elf
 
arm-none-eabi-size  Test004-joystick-lcd.elf 
arm-none-eabi-objdump -h -S Test004-joystick-lcd.elf  > "Test004-joystick-lcd.list"
   text	   data	    bss	    dec	    hex	filename
  40664	    476	   2236	  43376	   a970	Test004-joystick-lcd.elf
Finished building: default.size.stdout
 
Finished building: Test004-joystick-lcd.list
 
