16:55:03 **** Incremental Build of configuration Debug for project Test008-Step ****
make -j24 all 
arm-none-eabi-gcc "../Core/Src/main.c" -mcpu=cortex-m4 -std=gnu11 -g3 -DDEBUG -DUSE_HAL_DRIVER -DSTM32F411xE -c -I../Core/Inc -I../Drivers/STM32F4xx_HAL_Driver/Inc -I../Drivers/STM32F4xx_HAL_Driver/Inc/Legacy -I../Drivers/CMSIS/Device/ST/STM32F4xx/Include -I../Drivers/CMSIS/Include -O0 -ffunction-sections -fdata-sections -Wall -fstack-usage -fcyclomatic-complexity -MMD -MP -MF"Core/Src/main.d" -MT"Core/Src/main.o" --specs=nano.specs -mfpu=fpv4-sp-d16 -mfloat-abi=hard -mthumb -o "Core/Src/main.o"
../Core/Src/main.c: In function 'main':
../Core/Src/main.c:92:1: warning: implicit declaration of function 'ProgramStart' [-Wimplicit-function-declaration]
   92 | ProgramStart("Step motor control");
      | ^~~~~~~~~~~~
../Core/Src/main.c:100:11: warning: implicit declaration of function 'printf' [-Wimplicit-function-declaration]
  100 |           printf("input Angle :"); scanf("%d",&angle);
      |           ^~~~~~
../Core/Src/main.c:21:1: note: include '<stdio.h>' or provide a declaration of 'printf'
   20 | #include "main.h"
  +++ |+#include <stdio.h>
   21 | 
../Core/Src/main.c:100:11: warning: incompatible implicit declaration of built-in function 'printf' [-Wbuiltin-declaration-mismatch]
  100 |           printf("input Angle :"); scanf("%d",&angle);
      |           ^~~~~~
../Core/Src/main.c:100:11: note: include '<stdio.h>' or provide a declaration of 'printf'
../Core/Src/main.c:100:36: warning: implicit declaration of function 'scanf' [-Wimplicit-function-declaration]
  100 |           printf("input Angle :"); scanf("%d",&angle);
      |                                    ^~~~~
../Core/Src/main.c:100:36: note: include '<stdio.h>' or provide a declaration of 'scanf'
../Core/Src/main.c:100:36: warning: incompatible implicit declaration of built-in function 'scanf' [-Wbuiltin-declaration-mismatch]
../Core/Src/main.c:100:36: note: include '<stdio.h>' or provide a declaration of 'scanf'
arm-none-eabi-gcc -o "Test008-Step.elf" @"objects.list"   -mcpu=cortex-m4 -T"C:\Users\user\source\repos\STM32\Test008-Step\STM32F411RETX_FLASH.ld" --specs=nosys.specs -Wl,-Map="Test008-Step.map" -Wl,--gc-sections -static --specs=nano.specs -mfpu=fpv4-sp-d16 -mfloat-abi=hard -mthumb -Wl,--start-group -lc -lm -Wl,--end-group
Finished building target: Test008-Step.elf
 
arm-none-eabi-size  Test008-Step.elf 
arm-none-eabi-objdump -h -S Test008-Step.elf  > "Test008-Step.list"
   text	   data	    bss	    dec	    hex	filename
  18220	    112	   1976	  20308	   4f54	Test008-Step.elf
Finished building: default.size.stdout
 
Finished building: Test008-Step.list
 

16:55:03 Build Finished. 0 errors, 5 warnings. (took 600ms)

