10:38:27 **** Build of configuration Debug for project Test003-UART ****
make -j24 all 
arm-none-eabi-gcc "../Core/Src/main.c" -mcpu=cortex-m4 -std=gnu11 -g3 -DDEBUG -DUSE_HAL_DRIVER -DSTM32F411xE -c -I../Core/Inc -I../Drivers/STM32F4xx_HAL_Driver/Inc -I../Drivers/STM32F4xx_HAL_Driver/Inc/Legacy -I../Drivers/CMSIS/Device/ST/STM32F4xx/Include -I../Drivers/CMSIS/Include -O0 -ffunction-sections -fdata-sections -Wall -fstack-usage -fcyclomatic-complexity -MMD -MP -MF"Core/Src/main.d" -MT"Core/Src/main.o" --specs=nano.specs -mfpu=fpv4-sp-d16 -mfloat-abi=hard -mthumb -o "Core/Src/main.o"
arm-none-eabi-gcc "../Core/Src/myLib.c" -mcpu=cortex-m4 -std=gnu11 -g3 -DDEBUG -DUSE_HAL_DRIVER -DSTM32F411xE -c -I../Core/Inc -I../Drivers/STM32F4xx_HAL_Driver/Inc -I../Drivers/STM32F4xx_HAL_Driver/Inc/Legacy -I../Drivers/CMSIS/Device/ST/STM32F4xx/Include -I../Drivers/CMSIS/Include -O0 -ffunction-sections -fdata-sections -Wall -fstack-usage -fcyclomatic-complexity -MMD -MP -MF"Core/Src/myLib.d" -MT"Core/Src/myLib.o" --specs=nano.specs -mfpu=fpv4-sp-d16 -mfloat-abi=hard -mthumb -o "Core/Src/myLib.o"
arm-none-eabi-gcc "../Core/Src/stm32f4xx_hal_msp.c" -mcpu=cortex-m4 -std=gnu11 -g3 -DDEBUG -DUSE_HAL_DRIVER -DSTM32F411xE -c -I../Core/Inc -I../Drivers/STM32F4xx_HAL_Driver/Inc -I../Drivers/STM32F4xx_HAL_Driver/Inc/Legacy -I../Drivers/CMSIS/Device/ST/STM32F4xx/Include -I../Drivers/CMSIS/Include -O0 -ffunction-sections -fdata-sections -Wall -fstack-usage -fcyclomatic-complexity -MMD -MP -MF"Core/Src/stm32f4xx_hal_msp.d" -MT"Core/Src/stm32f4xx_hal_msp.o" --specs=nano.specs -mfpu=fpv4-sp-d16 -mfloat-abi=hard -mthumb -o "Core/Src/stm32f4xx_hal_msp.o"
arm-none-eabi-gcc "../Core/Src/stm32f4xx_it.c" -mcpu=cortex-m4 -std=gnu11 -g3 -DDEBUG -DUSE_HAL_DRIVER -DSTM32F411xE -c -I../Core/Inc -I../Drivers/STM32F4xx_HAL_Driver/Inc -I../Drivers/STM32F4xx_HAL_Driver/Inc/Legacy -I../Drivers/CMSIS/Device/ST/STM32F4xx/Include -I../Drivers/CMSIS/Include -O0 -ffunction-sections -fdata-sections -Wall -fstack-usage -fcyclomatic-complexity -MMD -MP -MF"Core/Src/stm32f4xx_it.d" -MT"Core/Src/stm32f4xx_it.o" --specs=nano.specs -mfpu=fpv4-sp-d16 -mfloat-abi=hard -mthumb -o "Core/Src/stm32f4xx_it.o"
arm-none-eabi-gcc "../Core/Src/syscalls.c" -mcpu=cortex-m4 -std=gnu11 -g3 -DDEBUG -DUSE_HAL_DRIVER -DSTM32F411xE -c -I../Core/Inc -I../Drivers/STM32F4xx_HAL_Driver/Inc -I../Drivers/STM32F4xx_HAL_Driver/Inc/Legacy -I../Drivers/CMSIS/Device/ST/STM32F4xx/Include -I../Drivers/CMSIS/Include -O0 -ffunction-sections -fdata-sections -Wall -fstack-usage -fcyclomatic-complexity -MMD -MP -MF"Core/Src/syscalls.d" -MT"Core/Src/syscalls.o" --specs=nano.specs -mfpu=fpv4-sp-d16 -mfloat-abi=hard -mthumb -o "Core/Src/syscalls.o"
arm-none-eabi-gcc "../Core/Src/sysmem.c" -mcpu=cortex-m4 -std=gnu11 -g3 -DDEBUG -DUSE_HAL_DRIVER -DSTM32F411xE -c -I../Core/Inc -I../Drivers/STM32F4xx_HAL_Driver/Inc -I../Drivers/STM32F4xx_HAL_Driver/Inc/Legacy -I../Drivers/CMSIS/Device/ST/STM32F4xx/Include -I../Drivers/CMSIS/Include -O0 -ffunction-sections -fdata-sections -Wall -fstack-usage -fcyclomatic-complexity -MMD -MP -MF"Core/Src/sysmem.d" -MT"Core/Src/sysmem.o" --specs=nano.specs -mfpu=fpv4-sp-d16 -mfloat-abi=hard -mthumb -o "Core/Src/sysmem.o"
arm-none-eabi-gcc "../Core/Src/system_stm32f4xx.c" -mcpu=cortex-m4 -std=gnu11 -g3 -DDEBUG -DUSE_HAL_DRIVER -DSTM32F411xE -c -I../Core/Inc -I../Drivers/STM32F4xx_HAL_Driver/Inc -I../Drivers/STM32F4xx_HAL_Driver/Inc/Legacy -I../Drivers/CMSIS/Device/ST/STM32F4xx/Include -I../Drivers/CMSIS/Include -O0 -ffunction-sections -fdata-sections -Wall -fstack-usage -fcyclomatic-complexity -MMD -MP -MF"Core/Src/system_stm32f4xx.d" -MT"Core/Src/system_stm32f4xx.o" --specs=nano.specs -mfpu=fpv4-sp-d16 -mfloat-abi=hard -mthumb -o "Core/Src/system_stm32f4xx.o"
../Core/Src/myLib.c: In function '__io_putchar':
../Core/Src/myLib.c:12:36: warning: passing argument 2 of 'HAL_UART_Transmit' from incompatible pointer type [-Wincompatible-pointer-types]
   12 |         HAL_UART_Transmit(&huart2, &ch, 1, 10 );
      |                                    ^~~
      |                                    |
      |                                    int *
In file included from ../Core/Inc/stm32f4xx_hal_conf.h:411,
                 from ../Drivers/STM32F4xx_HAL_Driver/Inc/stm32f4xx_hal.h:29,
                 from ../Core/Inc/main.h:30,
                 from ../Core/Src/myLib.c:7:
../Drivers/STM32F4xx_HAL_Driver/Inc/stm32f4xx_hal_uart.h:745:79: note: expected 'const uint8_t *' {aka 'const unsigned char *'} but argument is of type 'int *'
  745 | HAL_StatusTypeDef HAL_UART_Transmit(UART_HandleTypeDef *huart, const uint8_t *pData, uint16_t Size, uint32_t Timeout);
      |                                                                ~~~~~~~~~~~~~~~^~~~~
../Core/Src/myLib.c: In function 'ProgramStart':
../Core/Src/myLib.c:27:9: warning: implicit declaration of function 'cls' [-Wimplicit-function-declaration]
   27 |         cls();
      |         ^~~
../Core/Src/main.c: In function 'main':
../Core/Src/main.c:95:3: warning: implicit declaration of function 'ProgramStart' [-Wimplicit-function-declaration]
   95 |   ProgramStart("UART");
      |   ^~~~~~~~~~~~
../Core/Src/main.c:100:11: warning: implicit declaration of function 'printf' [-Wimplicit-function-declaration]
  100 |           printf("UART Test ....%6.2f\r\n", a);
      |           ^~~~~~
../Core/Src/myLib.c:28:9: warning: implicit declaration of function 'Cursor' [-Wimplicit-function-declaration]
   28 |         Cursor(0,0);
      |         ^~~~~~
../Core/Src/myLib.c:29:9: warning: implicit declaration of function 'printf' [-Wimplicit-function-declaration]
   29 |         printf("Program Start - %s\r\n",str);
      |         ^~~~~~
../Core/Src/myLib.c:8:1: note: include '<stdio.h>' or provide a declaration of 'printf'
    7 | #include "main.h"
  +++ |+#include <stdio.h>
    8 | extern UART_HandleTypeDef huart2;
../Core/Src/myLib.c:29:9: warning: incompatible implicit declaration of built-in function 'printf' [-Wbuiltin-declaration-mismatch]
   29 |         printf("Program Start - %s\r\n",str);
      |         ^~~~~~
../Core/Src/myLib.c:29:9: note: include '<stdio.h>' or provide a declaration of 'printf'
../Core/Src/myLib.c: At top level:
../Core/Src/myLib.c:33:6: warning: conflicting types for 'cls'; have 'void()'
   33 | void cls()
      |      ^~~
../Core/Src/main.c:21:1: note: include '<stdio.h>' or provide a declaration of 'printf'
   20 | #include "main.h"
  +++ |+#include <stdio.h>
   21 | 
../Core/Src/myLib.c:27:9: note: previous implicit declaration of 'cls' with type 'void()'
   27 |         cls();
      |         ^~~
../Core/Src/myLib.c: In function 'cls':
../Core/Src/main.c:100:11: warning: incompatible implicit declaration of built-in function 'printf' [-Wbuiltin-declaration-mismatch]
  100 |           printf("UART Test ....%6.2f\r\n", a);
      |           ^~~~~~
../Core/Src/myLib.c:35:9: warning: incompatible implicit declaration of built-in function 'printf' [-Wbuiltin-declaration-mismatch]
   35 |         printf("\033[2J");
      |         ^~~~~~
../Core/Src/main.c:100:11: note: include '<stdio.h>' or provide a declaration of 'printf'
../Core/Src/myLib.c:35:9: note: include '<stdio.h>' or provide a declaration of 'printf'
../Core/Src/myLib.c: At top level:
../Core/Src/myLib.c:38:6: warning: conflicting types for 'Cursor'; have 'void(int,  int)'
   38 | void Cursor(int x, int y)
      |      ^~~~~~
../Core/Src/myLib.c:28:9: note: previous implicit declaration of 'Cursor' with type 'void(int,  int)'
   28 |         Cursor(0,0);
      |         ^~~~~~
../Core/Src/myLib.c: In function 'Cursor':
../Core/Src/myLib.c:41:9: warning: implicit declaration of function 'sprintf' [-Wimplicit-function-declaration]
   41 |         sprintf(buf,"\033[%d;%dH", y,x);
      |         ^~~~~~~
../Core/Src/myLib.c:41:9: note: include '<stdio.h>' or provide a declaration of 'sprintf'
../Core/Src/myLib.c:41:9: warning: incompatible implicit declaration of built-in function 'sprintf' [-Wbuiltin-declaration-mismatch]
../Core/Src/myLib.c:41:9: note: include '<stdio.h>' or provide a declaration of 'sprintf'
../Core/Src/myLib.c:42:9: warning: implicit declaration of function 'puts' [-Wimplicit-function-declaration]
   42 |         puts(buf);
      |         ^~~~
../Core/Src/myLib.c:42:9: note: include '<stdio.h>' or provide a declaration of 'puts'
arm-none-eabi-gcc -o "Test003-UART.elf" @"objects.list"   -mcpu=cortex-m4 -T"C:\Users\user\source\repos\STM32\Test003-UART\STM32F411RETX_FLASH.ld" --specs=nosys.specs -Wl,-Map="Test003-UART.map" -Wl,--gc-sections -static --specs=nano.specs -mfpu=fpv4-sp-d16 -mfloat-abi=hard -mthumb -u _printf_float -u _scanf_float -Wl,--start-group -lc -lm -Wl,--end-group
Finished building target: Test003-UART.elf
 
arm-none-eabi-size  Test003-UART.elf 
arm-none-eabi-objdump -h -S Test003-UART.elf  > "Test003-UART.list"
   text	   data	    bss	    dec	    hex	filename
  31600	    476	   1980	  34056	   8508	Test003-UART.elf
Finished building: default.size.stdout
 
Finished building: Test003-UART.list
 

10:38:28 Build Finished. 0 errors, 14 warnings. (took 692ms)

